******************************************************************************
                  TI ARM Linker PC v20.2.7                     
******************************************************************************
>> Linked Tue Apr 11 22:23:37 2023

OUTPUT FILE NAME:   <led-sw-int.out>
ENTRY POINT SYMBOL: "_c_int00_noargs"  address: 000007b9


MEMORY CONFIGURATION

         name            origin    length      used     unused   attr    fill
----------------------  --------  ---------  --------  --------  ----  --------
  FLASH                 00000000   00040000  00000a84  0003f57c  R  X
  SRAM                  20000000   00008000  0000046c  00007b94  RW X


SEGMENT ALLOCATION MAP

run origin  load origin   length   init length attrs members
----------  ----------- ---------- ----------- ----- -------
00000000    00000000    00000a84   00000a84    r-x
  00000000    00000000    0000026c   0000026c    r-- .intvecs
  0000026c    0000026c    00000658   00000658    r-x .text
  000008c4    000008c4    000001ac   000001ac    r-- .const
  00000a70    00000a70    00000014   00000014    r-- .cinit
20000000    20000000    00000470   00000000    rw-
  20000000    20000000    0000026c   00000000    rw- .vtable
  20000270    20000270    00000200   00000000    rw- .stack


SECTION ALLOCATION MAP

 output                                  attributes/
section   page    origin      length       input sections
--------  ----  ----------  ----------   ----------------
.intvecs   0    00000000    0000026c     
                  00000000    0000026c     tm4c123gh6pm_startup_ccs.obj (.intvecs)

.text      0    0000026c    00000658     
                  0000026c    0000016c     driverlib.lib : gpio.obj (.text:GPIOPadConfigSet)
                  000003d8    00000104     my_gpio.obj (.text)
                  000004dc    000000f4     driverlib.lib : sysctl.obj (.text:SysCtlClockSet)
                  000005d0    00000068                   : interrupt.obj (.text:IntEnable)
                  00000638    00000058                   : gpio.obj (.text:GPIOIntTypeSet)
                  00000690    00000044                   : gpio.obj (.text:_GPIOIntNumberGet)
                  000006d4    00000044     rtsv7M4_T_le_v4SPD16_eabi.lib : autoinit.c.obj (.text:__TI_auto_init_nobinit_nopinit:__TI_auto_init_nobinit_nopinit)
                  00000718    00000038     driverlib.lib : sysctl.obj (.text:SysCtlPeripheralReady)
                  00000750    00000034                   : interrupt.obj (.text:IntRegister)
                  00000784    00000034                   : sysctl.obj (.text:SysCtlPeripheralEnable)
                  000007b8    00000034     rtsv7M4_T_le_v4SPD16_eabi.lib : boot_cortex_m.c.obj (.text:_c_int00_noargs:_c_int00_noargs)
                  000007ec    0000002c     driverlib.lib : gpio.obj (.text:GPIODirModeSet)
                  00000818    0000001c     rtsv7M4_T_le_v4SPD16_eabi.lib : copy_zero_init.c.obj (.text:decompress:ZI:__TI_zero_init_nomemset:__TI_zero_init_nomemset)
                  00000834    0000001a     driverlib.lib : gpio.obj (.text:GPIOPinTypeGPIOOutput)
                  0000084e    00000018                   : gpio.obj (.text:GPIOIntRegister)
                  00000866    00000016                   : gpio.obj (.text:GPIOPinTypeGPIOInput)
                  0000087c    0000000e                   : gpio.obj (.text:GPIOIntStatus)
                  0000088a    0000000c                   : gpio.obj (.text:GPIOIntEnable)
                  00000896    0000000c     tm4c123gh6pm_startup_ccs.obj (.text)
                  000008a2    00000008     main.obj (.text)
                  000008aa    00000006     driverlib.lib : gpio.obj (.text:GPIOIntClear)
                  000008b0    00000006                   : gpio.obj (.text:GPIOPinWrite)
                  000008b6    00000006                   : sysctl.obj (.text:SysCtlDelay)
                  000008bc    00000004     rtsv7M4_T_le_v4SPD16_eabi.lib : pre_init.c.obj (.text:_system_pre_init)
                  000008c0    00000004                                   : exit.c.obj (.text:abort:abort)

.const     0    000008c4    000001ac     
                  000008c4    000000d8     driverlib.lib : gpio.obj (.const:g_ppui32GPIOIntMapSnowflake)
                  0000099c    000000c0                   : gpio.obj (.const:g_ppui32GPIOIntMapBlizzard)
                  00000a5c    00000014                   : interrupt.obj (.const:g_pui32EnRegs)

.cinit     0    00000a70    00000014     
                  00000a70    00000008     (.cinit..vtable.load) [load image, compression = zero_init]
                  00000a78    00000004     (__TI_handler_table)
                  00000a7c    00000008     (__TI_cinit_table)

.init_array 
*          0    00000000    00000000     UNINITIALIZED

.vtable    0    20000000    0000026c     UNINITIALIZED
                  20000000    0000026c     driverlib.lib : interrupt.obj (.vtable)

.stack     0    20000270    00000200     UNINITIALIZED
                  20000270    00000004     rtsv7M4_T_le_v4SPD16_eabi.lib : boot_cortex_m.c.obj (.stack)
                  20000274    000001fc     --HOLE--

__llvm_prf_cnts 
*          0    20000000    00000000     UNINITIALIZED

MODULE SUMMARY

       Module                         code   ro data   rw data
       ------                         ----   -------   -------
    .\
       tm4c123gh6pm_startup_ccs.obj   12     620       0      
       my_gpio.obj                    260    0         0      
       main.obj                       8      0         0      
    +--+------------------------------+------+---------+---------+
       Total:                         280    620       0      
                                                              
    C:/ti/TivaWare_C_Series-2.2.0.295/driverlib/ccs/Debug/driverlib.lib
       gpio.obj                       674    408       0      
       interrupt.obj                  156    20        620    
       sysctl.obj                     358    0         0      
    +--+------------------------------+------+---------+---------+
       Total:                         1188   428       620    
                                                              
    C:\ti\ccs1220\ccs\tools\compiler\ti-cgt-arm_20.2.7.LTS\lib\rtsv7M4_T_le_v4SPD16_eabi.lib
       autoinit.c.obj                 68     0         0      
       boot_cortex_m.c.obj            52     0         0      
       copy_zero_init.c.obj           28     0         0      
       exit.c.obj                     4      0         0      
       pre_init.c.obj                 4      0         0      
    +--+------------------------------+------+---------+---------+
       Total:                         156    0         0      
                                                              
       Stack:                         0      0         512    
       Linker Generated:              0      20        0      
    +--+------------------------------+------+---------+---------+
       Grand Total:                   1624   1068      1132   


LINKER GENERATED COPY TABLES

__TI_cinit_table @ 00000a7c records: 1, size/record: 8, table size: 8
	.vtable: load addr=00000a70, load size=00000008 bytes, run addr=20000000, run size=0000026c bytes, compression=zero_init


LINKER GENERATED HANDLER TABLE

__TI_handler_table @ 00000a78 records: 1, size/record: 4, table size: 4
	index: 0, handler: __TI_zero_init


GLOBAL SYMBOLS: SORTED ALPHABETICALLY BY Name 

address   name                          
-------   ----                          
000008c1  C$$EXIT                       
000007ed  GPIODirModeSet                
000008ab  GPIOIntClear                  
0000088b  GPIOIntEnable                 
0000084f  GPIOIntRegister               
0000087d  GPIOIntStatus                 
00000639  GPIOIntTypeSet                
0000026d  GPIOPadConfigSet              
00000867  GPIOPinTypeGPIOInput          
00000835  GPIOPinTypeGPIOOutput         
000008b1  GPIOPinWrite                  
0000040f  InitGPIO                      
000005d1  IntEnable                     
000003d9  IntPortFHandler               
00000751  IntRegister                   
00000897  ResetISR                      
000004dd  SysCtlClockSet                
000008b7  SysCtlDelay                   
00000785  SysCtlPeripheralEnable        
00000719  SysCtlPeripheralReady         
00000495  TurnOffBlueLED                
000004b1  TurnOffGreenLED               
00000479  TurnOffRedLED                 
00000487  TurnOnBlueLED                 
000004a3  TurnOnGreenLED                
0000046b  TurnOnRedLED                  
20000470  __STACK_END                   
00000200  __STACK_SIZE                  
20000470  __STACK_TOP                   
00000a7c  __TI_CINIT_Base               
00000a84  __TI_CINIT_Limit              
00000a78  __TI_Handler_Table_Base       
00000a7c  __TI_Handler_Table_Limit      
000006d5  __TI_auto_init_nobinit_nopinit
ffffffff  __TI_pprof_out_hndl           
ffffffff  __TI_prof_data_size           
ffffffff  __TI_prof_data_start          
00000000  __TI_static_base__            
00000819  __TI_zero_init_nomemset       
ffffffff  __binit__                     
ffffffff  __c_args__                    
UNDEFED   __mpu_init                    
20000270  __stack                       
20000000  __start___llvm_prf_cnts       
20000000  __stop___llvm_prf_cnts        
000007b9  _c_int00_noargs               
UNDEFED   _system_post_cinit            
000008bd  _system_pre_init              
000008c1  abort                         
ffffffff  binit                         
20000000  g_pfnRAMVectors               
00000000  g_pfnVectors                  
000008a3  main                          


GLOBAL SYMBOLS: SORTED BY Symbol Address 

address   name                          
-------   ----                          
00000000  __TI_static_base__            
00000000  g_pfnVectors                  
00000200  __STACK_SIZE                  
0000026d  GPIOPadConfigSet              
000003d9  IntPortFHandler               
0000040f  InitGPIO                      
0000046b  TurnOnRedLED                  
00000479  TurnOffRedLED                 
00000487  TurnOnBlueLED                 
00000495  TurnOffBlueLED                
000004a3  TurnOnGreenLED                
000004b1  TurnOffGreenLED               
000004dd  SysCtlClockSet                
000005d1  IntEnable                     
00000639  GPIOIntTypeSet                
000006d5  __TI_auto_init_nobinit_nopinit
00000719  SysCtlPeripheralReady         
00000751  IntRegister                   
00000785  SysCtlPeripheralEnable        
000007b9  _c_int00_noargs               
000007ed  GPIODirModeSet                
00000819  __TI_zero_init_nomemset       
00000835  GPIOPinTypeGPIOOutput         
0000084f  GPIOIntRegister               
00000867  GPIOPinTypeGPIOInput          
0000087d  GPIOIntStatus                 
0000088b  GPIOIntEnable                 
00000897  ResetISR                      
000008a3  main                          
000008ab  GPIOIntClear                  
000008b1  GPIOPinWrite                  
000008b7  SysCtlDelay                   
000008bd  _system_pre_init              
000008c1  C$$EXIT                       
000008c1  abort                         
00000a78  __TI_Handler_Table_Base       
00000a7c  __TI_CINIT_Base               
00000a7c  __TI_Handler_Table_Limit      
00000a84  __TI_CINIT_Limit              
20000000  __start___llvm_prf_cnts       
20000000  __stop___llvm_prf_cnts        
20000000  g_pfnRAMVectors               
20000270  __stack                       
20000470  __STACK_END                   
20000470  __STACK_TOP                   
ffffffff  __TI_pprof_out_hndl           
ffffffff  __TI_prof_data_size           
ffffffff  __TI_prof_data_start          
ffffffff  __binit__                     
ffffffff  __c_args__                    
ffffffff  binit                         
UNDEFED   __mpu_init                    
UNDEFED   _system_post_cinit            

[53 symbols]
