******************************************************************************
                  TI ARM Linker PC v20.2.7                     
******************************************************************************
>> Linked Sat Apr  8 21:31:46 2023

OUTPUT FILE NAME:   <serial-comm.out>
ENTRY POINT SYMBOL: "_c_int00_noargs"  address: 00000ca1


MEMORY CONFIGURATION

         name            origin    length      used     unused   attr    fill
----------------------  --------  ---------  --------  --------  ----  --------
  FLASH                 00000000   00040000  00000e64  0003f19c  R  X
  SRAM                  20000000   00008000  00000205  00007dfb  RW X


SEGMENT ALLOCATION MAP

run origin  load origin   length   init length attrs members
----------  ----------- ---------- ----------- ----- -------
00000000    00000000    00000e68   00000e68    r-x
  00000000    00000000    0000026c   0000026c    r-- .intvecs
  0000026c    0000026c    00000b20   00000b20    r-x .text
  00000d8c    00000d8c    000000c0   000000c0    r-- .const
  00000e50    00000e50    00000018   00000018    r-- .cinit
20000000    20000000    00000205   00000000    rw-
  20000000    20000000    00000200   00000000    rw- .stack
  20000200    20000200    00000005   00000000    rw- .data


SECTION ALLOCATION MAP

 output                                  attributes/
section   page    origin      length       input sections
--------  ----  ----------  ----------   ----------------
.intvecs   0    00000000    0000026c     
                  00000000    0000026c     tm4c123gh6pm_startup_ccs.obj (.intvecs)

.text      0    0000026c    00000b20     
                  0000026c    000004a8     uartstdio.obj (.text)
                  00000714    0000016c     driverlib.lib : gpio.obj (.text:GPIOPadConfigSet)
                  00000880    000000f4                   : sysctl.obj (.text:SysCtlClockSet)
                  00000974    000000a4     main.obj (.text)
                  00000a18    0000009c     rtsv7M4_T_le_v4SPD16_eabi.lib : memcpy_t2.asm.obj (.text)
                  00000ab4    00000068                                   : copy_decompress_lzss.c.obj (.text:decompress:lzss:__TI_decompress_lzss)
                  00000b1c    0000004c     driverlib.lib : gpio.obj (.text:GPIOPinConfigure)
                  00000b68    00000046                   : uart.obj (.text:UARTConfigSetExpClk)
                  00000bae    00000002     rtsv7M4_T_le_v4SPD16_eabi.lib : div0.asm.obj (.text)
                  00000bb0    00000044                                   : autoinit.c.obj (.text:__TI_auto_init_nobinit_nopinit:__TI_auto_init_nobinit_nopinit)
                  00000bf4    00000040                                   : u_divt2.asm.obj (.text)
                  00000c34    00000038     driverlib.lib : sysctl.obj (.text:SysCtlPeripheralPresent)
                  00000c6c    00000034                   : sysctl.obj (.text:SysCtlPeripheralEnable)
                  00000ca0    00000034     rtsv7M4_T_le_v4SPD16_eabi.lib : boot_cortex_m.c.obj (.text:_c_int00_noargs:_c_int00_noargs)
                  00000cd4    0000002c     driverlib.lib : gpio.obj (.text:GPIODirModeSet)
                  00000d00    00000020                   : uart.obj (.text:UARTDisable)
                  00000d20    00000016                   : gpio.obj (.text:GPIOPinTypeUART)
                  00000d36    00000014                   : uart.obj (.text:UARTEnable)
                  00000d4a    0000000e     rtsv7M4_T_le_v4SPD16_eabi.lib : copy_decompress_none.c.obj (.text:decompress:none:__TI_decompress_none)
                  00000d58    0000000c     tm4c123gh6pm_startup_ccs.obj (.text)
                  00000d64    0000000a     driverlib.lib : uart.obj (.text:UARTCharGet)
                  00000d6e    0000000a                   : uart.obj (.text:UARTCharPut)
                  00000d78    00000006                   : sysctl.obj (.text:SysCtlDelay)
                  00000d7e    00000006                   : uart.obj (.text:UARTClockSourceSet)
                  00000d84    00000004     rtsv7M4_T_le_v4SPD16_eabi.lib : pre_init.c.obj (.text:_system_pre_init)
                  00000d88    00000004                                   : exit.c.obj (.text:abort:abort)

.const     0    00000d8c    000000c0     
                  00000d8c    00000090     driverlib.lib : gpio.obj (.const:g_pui32GPIOBaseAddrs)
                  00000e1c    00000012     uartstdio.obj (.const:.string)
                  00000e2e    00000002     --HOLE-- [fill = 0]
                  00000e30    0000000c     uartstdio.obj (.const:g_ui32UARTBase)
                  00000e3c    0000000c     uartstdio.obj (.const:g_ui32UARTPeriph)
                  00000e48    00000004     uartstdio.obj (.const)

.cinit     0    00000e50    00000018     
                  00000e50    00000008     (__TI_handler_table)
                  00000e58    00000007     (.cinit..data.load) [load image, compression = lzss]
                  00000e5f    00000001     --HOLE-- [fill = 0]
                  00000e60    00000008     (__TI_cinit_table)

.init_array 
*          0    00000000    00000000     UNINITIALIZED

.data      0    20000200    00000005     UNINITIALIZED
                  20000200    00000005     uartstdio.obj (.data)

.stack     0    20000000    00000200     UNINITIALIZED
                  20000000    00000004     rtsv7M4_T_le_v4SPD16_eabi.lib : boot_cortex_m.c.obj (.stack)
                  20000004    000001fc     --HOLE--

__llvm_prf_cnts 
*          0    20000000    00000000     UNINITIALIZED

MODULE SUMMARY

       Module                         code   ro data   rw data
       ------                         ----   -------   -------
    .\
       uartstdio.obj                  1192   46        5      
       tm4c123gh6pm_startup_ccs.obj   12     620       0      
       main.obj                       164    0         0      
    +--+------------------------------+------+---------+---------+
       Total:                         1368   666       5      
                                                              
    C:/ti/TivaWare_C_Series-2.2.0.295/driverlib/ccs/Debug/driverlib.lib
       gpio.obj                       506    144       0      
       sysctl.obj                     358    0         0      
       uart.obj                       148    0         0      
    +--+------------------------------+------+---------+---------+
       Total:                         1012   144       0      
                                                              
    C:\ti\ccs1220\ccs\tools\compiler\ti-cgt-arm_20.2.7.LTS\lib\rtsv7M4_T_le_v4SPD16_eabi.lib
       memcpy_t2.asm.obj              156    0         0      
       copy_decompress_lzss.c.obj     104    0         0      
       autoinit.c.obj                 68     0         0      
       u_divt2.asm.obj                64     0         0      
       boot_cortex_m.c.obj            52     0         0      
       copy_decompress_none.c.obj     14     0         0      
       exit.c.obj                     4      0         0      
       pre_init.c.obj                 4      0         0      
       div0.asm.obj                   2      0         0      
    +--+------------------------------+------+---------+---------+
       Total:                         468    0         0      
                                                              
       Stack:                         0      0         512    
       Linker Generated:              0      23        0      
    +--+------------------------------+------+---------+---------+
       Grand Total:                   2848   833       517    


LINKER GENERATED COPY TABLES

__TI_cinit_table @ 00000e60 records: 1, size/record: 8, table size: 8
	.data: load addr=00000e58, load size=00000007 bytes, run addr=20000200, run size=00000005 bytes, compression=lzss


LINKER GENERATED HANDLER TABLE

__TI_handler_table @ 00000e50 records: 2, size/record: 4, table size: 8
	index: 0, handler: __TI_decompress_lzss
	index: 1, handler: __TI_decompress_none


GLOBAL SYMBOLS: SORTED ALPHABETICALLY BY Name 

address   name                          
-------   ----                          
00000d89  C$$EXIT                       
00000cd5  GPIODirModeSet                
00000715  GPIOPadConfigSet              
00000b1d  GPIOPinConfigure              
00000d21  GPIOPinTypeUART               
00000975  InitUART0                     
00000d59  ResetISR                      
00000881  SysCtlClockSet                
00000d79  SysCtlDelay                   
00000c6d  SysCtlPeripheralEnable        
00000c35  SysCtlPeripheralPresent       
00000d65  UARTCharGet                   
00000d6f  UARTCharPut                   
00000d7f  UARTClockSourceSet            
00000b69  UARTConfigSetExpClk           
00000d01  UARTDisable                   
00000d37  UARTEnable                    
0000026d  UARTStdioConfig               
000009c3  UART_GetChar                  
000009b1  UART_PutChar                  
000003bd  UARTgetc                      
00000303  UARTgets                      
000006df  UARTprintf                    
000003e5  UARTvprintf                   
000002b3  UARTwrite                     
20000200  __STACK_END                   
00000200  __STACK_SIZE                  
20000200  __STACK_TOP                   
00000e60  __TI_CINIT_Base               
00000e68  __TI_CINIT_Limit              
00000e50  __TI_Handler_Table_Base       
00000e58  __TI_Handler_Table_Limit      
00000bb1  __TI_auto_init_nobinit_nopinit
00000ab5  __TI_decompress_lzss          
00000d4b  __TI_decompress_none          
ffffffff  __TI_pprof_out_hndl           
ffffffff  __TI_prof_data_size           
ffffffff  __TI_prof_data_start          
00000000  __TI_static_base__            
00000baf  __aeabi_idiv0                 
00000baf  __aeabi_ldiv0                 
00000a19  __aeabi_memcpy                
00000a19  __aeabi_memcpy4               
00000a19  __aeabi_memcpy8               
00000bf5  __aeabi_uidiv                 
00000bf5  __aeabi_uidivmod              
ffffffff  __binit__                     
ffffffff  __c_args__                    
UNDEFED   __mpu_init                    
20000000  __stack                       
20000000  __start___llvm_prf_cnts       
20000000  __stop___llvm_prf_cnts        
00000ca1  _c_int00_noargs               
UNDEFED   _system_post_cinit            
00000d85  _system_pre_init              
00000d89  abort                         
ffffffff  binit                         
00000000  g_pfnVectors                  
000009cf  main                          
00000a19  memcpy                        


GLOBAL SYMBOLS: SORTED BY Symbol Address 

address   name                          
-------   ----                          
00000000  __TI_static_base__            
00000000  g_pfnVectors                  
00000200  __STACK_SIZE                  
0000026d  UARTStdioConfig               
000002b3  UARTwrite                     
00000303  UARTgets                      
000003bd  UARTgetc                      
000003e5  UARTvprintf                   
000006df  UARTprintf                    
00000715  GPIOPadConfigSet              
00000881  SysCtlClockSet                
00000975  InitUART0                     
000009b1  UART_PutChar                  
000009c3  UART_GetChar                  
000009cf  main                          
00000a19  __aeabi_memcpy                
00000a19  __aeabi_memcpy4               
00000a19  __aeabi_memcpy8               
00000a19  memcpy                        
00000ab5  __TI_decompress_lzss          
00000b1d  GPIOPinConfigure              
00000b69  UARTConfigSetExpClk           
00000baf  __aeabi_idiv0                 
00000baf  __aeabi_ldiv0                 
00000bb1  __TI_auto_init_nobinit_nopinit
00000bf5  __aeabi_uidiv                 
00000bf5  __aeabi_uidivmod              
00000c35  SysCtlPeripheralPresent       
00000c6d  SysCtlPeripheralEnable        
00000ca1  _c_int00_noargs               
00000cd5  GPIODirModeSet                
00000d01  UARTDisable                   
00000d21  GPIOPinTypeUART               
00000d37  UARTEnable                    
00000d4b  __TI_decompress_none          
00000d59  ResetISR                      
00000d65  UARTCharGet                   
00000d6f  UARTCharPut                   
00000d79  SysCtlDelay                   
00000d7f  UARTClockSourceSet            
00000d85  _system_pre_init              
00000d89  C$$EXIT                       
00000d89  abort                         
00000e50  __TI_Handler_Table_Base       
00000e58  __TI_Handler_Table_Limit      
00000e60  __TI_CINIT_Base               
00000e68  __TI_CINIT_Limit              
20000000  __stack                       
20000000  __start___llvm_prf_cnts       
20000000  __stop___llvm_prf_cnts        
20000200  __STACK_END                   
20000200  __STACK_TOP                   
ffffffff  __TI_pprof_out_hndl           
ffffffff  __TI_prof_data_size           
ffffffff  __TI_prof_data_start          
ffffffff  __binit__                     
ffffffff  __c_args__                    
ffffffff  binit                         
UNDEFED   __mpu_init                    
UNDEFED   _system_post_cinit            

[60 symbols]
