******************************************************************************
                  TI ARM Linker PC v20.2.7                     
******************************************************************************
>> Linked Sun Mar  3 16:54:59 2024

OUTPUT FILE NAME:   <Exp4_starter.out>
ENTRY POINT SYMBOL: "_c_int00_noargs"  address: 00001305


MEMORY CONFIGURATION

         name            origin    length      used     unused   attr    fill
----------------------  --------  ---------  --------  --------  ----  --------
  FLASH                 00000000   00040000  00001872  0003e78e  R  X
  SRAM                  20000000   00008000  00000485  00007b7b  RW X


SEGMENT ALLOCATION MAP

run origin  load origin   length   init length attrs members
----------  ----------- ---------- ----------- ----- -------
00000000    00000000    00001878   00001878    r-x
  00000000    00000000    0000026c   0000026c    r-- .intvecs
  0000026c    0000026c    000012fe   000012fe    r-x .text
  0000156c    0000156c    000002d8   000002d8    r-- .const
  00001848    00001848    00000030   00000030    r-- .cinit
20000000    20000000    00000489   00000000    rw-
  20000000    20000000    0000026c   00000000    rw- .vtable
  20000270    20000270    00000200   00000000    rw- .stack
  20000470    20000470    00000019   00000000    rw- .data


SECTION ALLOCATION MAP

 output                                  attributes/
section   page    origin      length       input sections
--------  ----  ----------  ----------   ----------------
.intvecs   0    00000000    0000026c     
                  00000000    0000026c     tm4c123gh6pm_startup_ccs.obj (.intvecs)

.text      0    0000026c    000012fe     
                  0000026c    000004a8     uartstdio.obj (.text)
                  00000714    000003b4     main.obj (.text)
                  00000ac8    0000016c     driverlib.lib : gpio.obj (.text:GPIOPadConfigSet)
                  00000c34    00000118                   : sysctl.obj (.text:SysCtlClockGet)
                  00000d4c    000000f4                   : sysctl.obj (.text:SysCtlClockSet)
                  00000e40    0000009c     rtsv7M4_T_le_v4SPD16_eabi.lib : memcpy_t2.asm.obj (.text)
                  00000edc    0000007a     driverlib.lib : adc.obj (.text:ADCSequenceStepConfigure)
                  00000f56    00000002     rtsv7M4_T_le_v4SPD16_eabi.lib : div0.asm.obj (.text)
                  00000f58    00000068     driverlib.lib : interrupt.obj (.text:IntEnable)
                  00000fc0    00000068     rtsv7M4_T_le_v4SPD16_eabi.lib : copy_decompress_lzss.c.obj (.text:decompress:lzss:__TI_decompress_lzss)
                  00001028    00000058     driverlib.lib : gpio.obj (.text:GPIOIntTypeSet)
                  00001080    0000004e                   : adc.obj (.text:ADCSequenceConfigure)
                  000010ce    00000002     --HOLE-- [fill = 0]
                  000010d0    0000004c                   : gpio.obj (.text:GPIOPinConfigure)
                  0000111c    00000046                   : uart.obj (.text:UARTConfigSetExpClk)
                  00001162    00000002     --HOLE-- [fill = 0]
                  00001164    00000044                   : gpio.obj (.text:_GPIOIntNumberGet)
                  000011a8    00000044     rtsv7M4_T_le_v4SPD16_eabi.lib : autoinit.c.obj (.text:__TI_auto_init_nobinit_nopinit:__TI_auto_init_nobinit_nopinit)
                  000011ec    00000040                                   : u_divt2.asm.obj (.text)
                  0000122c    00000038     driverlib.lib : sysctl.obj (.text:SysCtlPeripheralPresent)
                  00001264    00000038                   : sysctl.obj (.text:SysCtlPeripheralReady)
                  0000129c    00000034                   : interrupt.obj (.text:IntRegister)
                  000012d0    00000034                   : sysctl.obj (.text:SysCtlPeripheralEnable)
                  00001304    00000034     rtsv7M4_T_le_v4SPD16_eabi.lib : boot_cortex_m.c.obj (.text:_c_int00_noargs:_c_int00_noargs)
                  00001338    0000002e     driverlib.lib : adc.obj (.text:ADCIntStatus)
                  00001366    0000002c                   : gpio.obj (.text:GPIODirModeSet)
                  00001392    00000002     --HOLE-- [fill = 0]
                  00001394    00000020                   : uart.obj (.text:UARTDisable)
                  000013b4    0000001e                   : adc.obj (.text:ADCSequenceDataGet)
                  000013d2    00000002     --HOLE-- [fill = 0]
                  000013d4    0000001c                   : systick.obj (.text:SysTickIntRegister)
                  000013f0    0000001c     rtsv7M4_T_le_v4SPD16_eabi.lib : copy_zero_init.c.obj (.text:decompress:ZI:__TI_zero_init_nomemset:__TI_zero_init_nomemset)
                  0000140c    0000001a     driverlib.lib : gpio.obj (.text:GPIOPinTypeGPIOOutput)
                  00001426    00000018                   : adc.obj (.text:ADCProcessorTrigger)
                  0000143e    00000018                   : gpio.obj (.text:GPIOIntRegister)
                  00001456    00000016                   : gpio.obj (.text:GPIOPinTypeADC)
                  0000146c    00000016                   : gpio.obj (.text:GPIOPinTypeGPIOInput)
                  00001482    00000016                   : gpio.obj (.text:GPIOPinTypeUART)
                  00001498    00000014                   : systick.obj (.text:SysTickEnable)
                  000014ac    00000014                   : systick.obj (.text:SysTickIntDisable)
                  000014c0    00000014                   : systick.obj (.text:SysTickIntEnable)
                  000014d4    00000014                   : uart.obj (.text:UARTEnable)
                  000014e8    00000010                   : systick.obj (.text:SysTickPeriodSet)
                  000014f8    0000000e                   : adc.obj (.text:ADCSequenceEnable)
                  00001506    0000000e     rtsv7M4_T_le_v4SPD16_eabi.lib : copy_decompress_none.c.obj (.text:decompress:none:__TI_decompress_none)
                  00001514    0000000c     driverlib.lib : gpio.obj (.text:GPIOIntEnable)
                  00001520    0000000c     tm4c123gh6pm_startup_ccs.obj (.text)
                  0000152c    0000000a     driverlib.lib : adc.obj (.text:ADCIntClear)
                  00001536    0000000a                   : uart.obj (.text:UARTCharGet)
                  00001540    0000000a                   : uart.obj (.text:UARTCharPut)
                  0000154a    00000006                   : gpio.obj (.text:GPIOPinRead)
                  00001550    00000006                   : gpio.obj (.text:GPIOPinWrite)
                  00001556    00000006                   : sysctl.obj (.text:SysCtlDelay)
                  0000155c    00000006                   : uart.obj (.text:UARTClockSourceSet)
                  00001562    00000004     rtsv7M4_T_le_v4SPD16_eabi.lib : pre_init.c.obj (.text:_system_pre_init)
                  00001566    00000004                                   : exit.c.obj (.text:abort:abort)

.const     0    0000156c    000002d8     
                  0000156c    000000d8     driverlib.lib : gpio.obj (.const:g_ppui32GPIOIntMapSnowflake)
                  00001644    000000c0                   : gpio.obj (.const:g_ppui32GPIOIntMapBlizzard)
                  00001704    00000090                   : gpio.obj (.const:g_pui32GPIOBaseAddrs)
                  00001794    0000006c                   : sysctl.obj (.const:g_pui32Xtals)
                  00001800    00000014                   : interrupt.obj (.const:g_pui32EnRegs)
                  00001814    00000012     uartstdio.obj (.const:.string)
                  00001826    00000002     --HOLE-- [fill = 0]
                  00001828    0000000c     uartstdio.obj (.const:g_ui32UARTBase)
                  00001834    0000000c     uartstdio.obj (.const:g_ui32UARTPeriph)
                  00001840    00000004     uartstdio.obj (.const)

.cinit     0    00001848    00000030     
                  00001848    0000000c     (__TI_handler_table)
                  00001854    00000009     (.cinit..data.load) [load image, compression = lzss]
                  0000185d    00000003     --HOLE-- [fill = 0]
                  00001860    00000008     (.cinit..vtable.load) [load image, compression = zero_init]
                  00001868    00000010     (__TI_cinit_table)

.init_array 
*          0    00000000    00000000     UNINITIALIZED

.vtable    0    20000000    0000026c     UNINITIALIZED
                  20000000    0000026c     driverlib.lib : interrupt.obj (.vtable)

.data      0    20000470    00000019     UNINITIALIZED
                  20000470    00000014     main.obj (.data)
                  20000484    00000005     uartstdio.obj (.data)

.stack     0    20000270    00000200     UNINITIALIZED
                  20000270    00000004     rtsv7M4_T_le_v4SPD16_eabi.lib : boot_cortex_m.c.obj (.stack)
                  20000274    000001fc     --HOLE--

__llvm_prf_cnts 
*          0    20000000    00000000     UNINITIALIZED

MODULE SUMMARY

       Module                         code   ro data   rw data
       ------                         ----   -------   -------
    .\
       uartstdio.obj                  1192   46        5      
       main.obj                       948    0         20     
       tm4c123gh6pm_startup_ccs.obj   12     620       0      
    +--+------------------------------+------+---------+---------+
       Total:                         2152   666       25     
                                                              
    C:/ti/TivaWare_C_Series-2.2.0.295/driverlib/ccs/Debug/driverlib.lib
       gpio.obj                       780    552       0      
       sysctl.obj                     694    108       0      
       interrupt.obj                  156    20        620    
       adc.obj                        324    0         0      
       uart.obj                       148    0         0      
       systick.obj                    104    0         0      
    +--+------------------------------+------+---------+---------+
       Total:                         2206   680       620    
                                                              
    C:\ti\ccs1260\ccs\tools\compiler\ti-cgt-arm_20.2.7.LTS\lib\rtsv7M4_T_le_v4SPD16_eabi.lib
       memcpy_t2.asm.obj              156    0         0      
       copy_decompress_lzss.c.obj     104    0         0      
       autoinit.c.obj                 68     0         0      
       u_divt2.asm.obj                64     0         0      
       boot_cortex_m.c.obj            52     0         0      
       copy_zero_init.c.obj           28     0         0      
       copy_decompress_none.c.obj     14     0         0      
       exit.c.obj                     4      0         0      
       pre_init.c.obj                 4      0         0      
       div0.asm.obj                   2      0         0      
    +--+------------------------------+------+---------+---------+
       Total:                         496    0         0      
                                                              
       Stack:                         0      0         512    
       Linker Generated:              0      45        0      
    +--+------------------------------+------+---------+---------+
       Grand Total:                   4854   1391      1157   


LINKER GENERATED COPY TABLES

__TI_cinit_table @ 00001868 records: 2, size/record: 8, table size: 16
	.data: load addr=00001854, load size=00000009 bytes, run addr=20000470, run size=00000019 bytes, compression=lzss
	.vtable: load addr=00001860, load size=00000008 bytes, run addr=20000000, run size=0000026c bytes, compression=zero_init


LINKER GENERATED HANDLER TABLE

__TI_handler_table @ 00001848 records: 3, size/record: 4, table size: 12
	index: 0, handler: __TI_zero_init
	index: 1, handler: __TI_decompress_lzss
	index: 2, handler: __TI_decompress_none


GLOBAL SYMBOLS: SORTED ALPHABETICALLY BY Name 

address   name                          
-------   ----                          
00000945  ADCInit                       
0000152d  ADCIntClear                   
00001339  ADCIntStatus                  
00001427  ADCProcessorTrigger           
00001081  ADCSequenceConfigure          
000013b5  ADCSequenceDataGet            
000014f9  ADCSequenceEnable             
00000edd  ADCSequenceStepConfigure      
00001567  C$$EXIT                       
00001367  GPIODirModeSet                
00001515  GPIOIntEnable                 
0000143f  GPIOIntRegister               
00001029  GPIOIntTypeSet                
00000ac9  GPIOPadConfigSet              
000010d1  GPIOPinConfigure              
0000154b  GPIOPinRead                   
00001457  GPIOPinTypeADC                
0000146d  GPIOPinTypeGPIOInput          
0000140d  GPIOPinTypeGPIOOutput         
00001483  GPIOPinTypeUART               
00001551  GPIOPinWrite                  
00000909  InitConsole                   
00000f59  IntEnable                     
0000129d  IntRegister                   
000008df  PrintTemps                    
00001521  ResetISR                      
00000c35  SysCtlClockGet                
00000d4d  SysCtlClockSet                
00001557  SysCtlDelay                   
000012d1  SysCtlPeripheralEnable        
0000122d  SysCtlPeripheralPresent       
00001265  SysCtlPeripheralReady         
00001499  SysTickEnable                 
000014ad  SysTickIntDisable             
000014c1  SysTickIntEnable              
000013d5  SysTickIntRegister            
000014e9  SysTickPeriodSet              
0000086f  SysTick_Handler               
00001537  UARTCharGet                   
00001541  UARTCharPut                   
0000155d  UARTClockSourceSet            
0000111d  UARTConfigSetExpClk           
00001395  UARTDisable                   
000014d5  UARTEnable                    
0000026d  UARTStdioConfig               
000003bd  UARTgetc                      
00000303  UARTgets                      
000006df  UARTprintf                    
000003e5  UARTvprintf                   
000002b3  UARTwrite                     
20000470  __STACK_END                   
00000200  __STACK_SIZE                  
20000470  __STACK_TOP                   
00001868  __TI_CINIT_Base               
00001878  __TI_CINIT_Limit              
00001848  __TI_Handler_Table_Base       
00001854  __TI_Handler_Table_Limit      
000011a9  __TI_auto_init_nobinit_nopinit
00000fc1  __TI_decompress_lzss          
00001507  __TI_decompress_none          
ffffffff  __TI_pprof_out_hndl           
ffffffff  __TI_prof_data_size           
ffffffff  __TI_prof_data_start          
00000000  __TI_static_base__            
000013f1  __TI_zero_init_nomemset       
00000f57  __aeabi_idiv0                 
00000f57  __aeabi_ldiv0                 
00000e41  __aeabi_memcpy                
00000e41  __aeabi_memcpy4               
00000e41  __aeabi_memcpy8               
000011ed  __aeabi_uidiv                 
000011ed  __aeabi_uidivmod              
ffffffff  __binit__                     
ffffffff  __c_args__                    
UNDEFED   __mpu_init                    
20000270  __stack                       
20000000  __start___llvm_prf_cnts       
20000000  __stop___llvm_prf_cnts        
00001305  _c_int00_noargs               
UNDEFED   _system_post_cinit            
00001563  _system_pre_init              
00001567  abort                         
ffffffff  binit                         
20000470  clkscalevalue                 
00000715  delay                         
20000000  g_pfnRAMVectors               
00000000  g_pfnVectors                  
00000739  main                          
00000e41  memcpy                        
20000478  millisecond                   
20000480  minute                        
2000047c  second                        
00000837  switchInterrupt               
20000474  timer_count                   


GLOBAL SYMBOLS: SORTED BY Symbol Address 

address   name                          
-------   ----                          
00000000  __TI_static_base__            
00000000  g_pfnVectors                  
00000200  __STACK_SIZE                  
0000026d  UARTStdioConfig               
000002b3  UARTwrite                     
00000303  UARTgets                      
000003bd  UARTgetc                      
000003e5  UARTvprintf                   
000006df  UARTprintf                    
00000715  delay                         
00000739  main                          
00000837  switchInterrupt               
0000086f  SysTick_Handler               
000008df  PrintTemps                    
00000909  InitConsole                   
00000945  ADCInit                       
00000ac9  GPIOPadConfigSet              
00000c35  SysCtlClockGet                
00000d4d  SysCtlClockSet                
00000e41  __aeabi_memcpy                
00000e41  __aeabi_memcpy4               
00000e41  __aeabi_memcpy8               
00000e41  memcpy                        
00000edd  ADCSequenceStepConfigure      
00000f57  __aeabi_idiv0                 
00000f57  __aeabi_ldiv0                 
00000f59  IntEnable                     
00000fc1  __TI_decompress_lzss          
00001029  GPIOIntTypeSet                
00001081  ADCSequenceConfigure          
000010d1  GPIOPinConfigure              
0000111d  UARTConfigSetExpClk           
000011a9  __TI_auto_init_nobinit_nopinit
000011ed  __aeabi_uidiv                 
000011ed  __aeabi_uidivmod              
0000122d  SysCtlPeripheralPresent       
00001265  SysCtlPeripheralReady         
0000129d  IntRegister                   
000012d1  SysCtlPeripheralEnable        
00001305  _c_int00_noargs               
00001339  ADCIntStatus                  
00001367  GPIODirModeSet                
00001395  UARTDisable                   
000013b5  ADCSequenceDataGet            
000013d5  SysTickIntRegister            
000013f1  __TI_zero_init_nomemset       
0000140d  GPIOPinTypeGPIOOutput         
00001427  ADCProcessorTrigger           
0000143f  GPIOIntRegister               
00001457  GPIOPinTypeADC                
0000146d  GPIOPinTypeGPIOInput          
00001483  GPIOPinTypeUART               
00001499  SysTickEnable                 
000014ad  SysTickIntDisable             
000014c1  SysTickIntEnable              
000014d5  UARTEnable                    
000014e9  SysTickPeriodSet              
000014f9  ADCSequenceEnable             
00001507  __TI_decompress_none          
00001515  GPIOIntEnable                 
00001521  ResetISR                      
0000152d  ADCIntClear                   
00001537  UARTCharGet                   
00001541  UARTCharPut                   
0000154b  GPIOPinRead                   
00001551  GPIOPinWrite                  
00001557  SysCtlDelay                   
0000155d  UARTClockSourceSet            
00001563  _system_pre_init              
00001567  C$$EXIT                       
00001567  abort                         
00001848  __TI_Handler_Table_Base       
00001854  __TI_Handler_Table_Limit      
00001868  __TI_CINIT_Base               
00001878  __TI_CINIT_Limit              
20000000  __start___llvm_prf_cnts       
20000000  __stop___llvm_prf_cnts        
20000000  g_pfnRAMVectors               
20000270  __stack                       
20000470  __STACK_END                   
20000470  __STACK_TOP                   
20000470  clkscalevalue                 
20000474  timer_count                   
20000478  millisecond                   
2000047c  second                        
20000480  minute                        
ffffffff  __TI_pprof_out_hndl           
ffffffff  __TI_prof_data_size           
ffffffff  __TI_prof_data_start          
ffffffff  __binit__                     
ffffffff  __c_args__                    
ffffffff  binit                         
UNDEFED   __mpu_init                    
UNDEFED   _system_post_cinit            

[94 symbols]
