******************************************************************************
                  TI ARM Linker PC v20.2.7                     
******************************************************************************
>> Linked Mon Mar 25 23:32:34 2024

OUTPUT FILE NAME:   <Security_System.out>
ENTRY POINT SYMBOL: "_c_int00_noargs"  address: 0000167d


MEMORY CONFIGURATION

         name            origin    length      used     unused   attr    fill
----------------------  --------  ---------  --------  --------  ----  --------
  FLASH                 00000000   00040000  00001bae  0003e452  R  X
  SRAM                  20000000   00008000  00000484  00007b7c  RW X


SEGMENT ALLOCATION MAP

run origin  load origin   length   init length attrs members
----------  ----------- ---------- ----------- ----- -------
00000000    00000000    00001bb0   00001bb0    r-x
  00000000    00000000    0000026c   0000026c    r-- .intvecs
  0000026c    0000026c    0000163a   0000163a    r-x .text
  000018a8    000018a8    000002d8   000002d8    r-- .const
  00001b80    00001b80    00000030   00000030    r-- .cinit
20000000    20000000    00000488   00000000    rw-
  20000000    20000000    0000026c   00000000    rw- .vtable
  20000270    20000270    00000200   00000000    rw- .stack
  20000470    20000470    00000018   00000000    rw- .data


SECTION ALLOCATION MAP

 output                                  attributes/
section   page    origin      length       input sections
--------  ----  ----------  ----------   ----------------
.intvecs   0    00000000    0000026c     
                  00000000    0000026c     tm4c123gh6pm_startup_ccs.obj (.intvecs)

.text      0    0000026c    0000163a     
                  0000026c    000004a8     uartstdio.obj (.text)
                  00000714    0000020c     Initialization.obj (.text)
                  00000920    00000178     main.obj (.text)
                  00000a98    0000016c     driverlib.lib : gpio.obj (.text:GPIOPadConfigSet)
                  00000c04    00000136     rtsv7M4_T_le_v4SPD16_eabi.lib : fd_div_t2.asm.obj (.text)
                  00000d3a    00000002                                   : div0.asm.obj (.text)
                  00000d3c    00000118     driverlib.lib : sysctl.obj (.text:SysCtlClockGet)
                  00000e54    00000108     my_gpio.obj (.text)
                  00000f5c    000000fc     rtsv7M4_T_le_v4SPD16_eabi.lib : fd_mul_t2.asm.obj (.text)
                  00001058    000000f4     driverlib.lib : sysctl.obj (.text:SysCtlClockSet)
                  0000114c    0000009c     rtsv7M4_T_le_v4SPD16_eabi.lib : memcpy_t2.asm.obj (.text)
                  000011e8    0000007a     driverlib.lib : adc.obj (.text:ADCSequenceStepConfigure)
                  00001262    0000006e     rtsv7M4_T_le_v4SPD16_eabi.lib : fd_tos_t2.asm.obj (.text)
                  000012d0    00000068     driverlib.lib : interrupt.obj (.text:IntEnable)
                  00001338    00000068     rtsv7M4_T_le_v4SPD16_eabi.lib : copy_decompress_lzss.c.obj (.text:decompress:lzss:__TI_decompress_lzss)
                  000013a0    00000058     driverlib.lib : gpio.obj (.text:GPIOIntTypeSet)
                  000013f8    0000004e                   : adc.obj (.text:ADCSequenceConfigure)
                  00001446    00000002     --HOLE-- [fill = 0]
                  00001448    0000004c                   : gpio.obj (.text:GPIOPinConfigure)
                  00001494    00000046                   : uart.obj (.text:UARTConfigSetExpClk)
                  000014da    00000002     --HOLE-- [fill = 0]
                  000014dc    00000044                   : gpio.obj (.text:_GPIOIntNumberGet)
                  00001520    00000044     rtsv7M4_T_le_v4SPD16_eabi.lib : autoinit.c.obj (.text:__TI_auto_init_nobinit_nopinit:__TI_auto_init_nobinit_nopinit)
                  00001564    00000040                                   : u_divt2.asm.obj (.text)
                  000015a4    00000038     driverlib.lib : sysctl.obj (.text:SysCtlPeripheralPresent)
                  000015dc    00000038                   : sysctl.obj (.text:SysCtlPeripheralReady)
                  00001614    00000034                   : interrupt.obj (.text:IntRegister)
                  00001648    00000034                   : sysctl.obj (.text:SysCtlPeripheralEnable)
                  0000167c    00000034     rtsv7M4_T_le_v4SPD16_eabi.lib : boot_cortex_m.c.obj (.text:_c_int00_noargs:_c_int00_noargs)
                  000016b0    0000002e     driverlib.lib : adc.obj (.text:ADCIntStatus)
                  000016de    0000002c                   : gpio.obj (.text:GPIODirModeSet)
                  0000170a    00000002     --HOLE-- [fill = 0]
                  0000170c    00000020                   : uart.obj (.text:UARTDisable)
                  0000172c    00000020     rtsv7M4_T_le_v4SPD16_eabi.lib : u_tofd_t2.asm.obj (.text)
                  0000174c    0000001e     driverlib.lib : adc.obj (.text:ADCSequenceDataGet)
                  0000176a    0000001c     rtsv7M4_T_le_v4SPD16_eabi.lib : copy_zero_init.c.obj (.text:decompress:ZI:__TI_zero_init_nomemset:__TI_zero_init_nomemset)
                  00001786    0000001a     driverlib.lib : gpio.obj (.text:GPIOPinTypeGPIOOutput)
                  000017a0    00000018                   : adc.obj (.text:ADCProcessorTrigger)
                  000017b8    00000018                   : gpio.obj (.text:GPIOIntRegister)
                  000017d0    00000016                   : gpio.obj (.text:GPIOPinTypeADC)
                  000017e6    00000016                   : gpio.obj (.text:GPIOPinTypeGPIOInput)
                  000017fc    00000016                   : gpio.obj (.text:GPIOPinTypeUART)
                  00001812    00000014                   : uart.obj (.text:UARTEnable)
                  00001826    0000000e                   : adc.obj (.text:ADCSequenceEnable)
                  00001834    0000000e                   : gpio.obj (.text:GPIOIntStatus)
                  00001842    0000000e     rtsv7M4_T_le_v4SPD16_eabi.lib : copy_decompress_none.c.obj (.text:decompress:none:__TI_decompress_none)
                  00001850    0000000c     driverlib.lib : gpio.obj (.text:GPIOIntEnable)
                  0000185c    0000000c     tm4c123gh6pm_startup_ccs.obj (.text)
                  00001868    0000000a     driverlib.lib : adc.obj (.text:ADCIntClear)
                  00001872    0000000a                   : uart.obj (.text:UARTCharGet)
                  0000187c    0000000a                   : uart.obj (.text:UARTCharPut)
                  00001886    00000006                   : gpio.obj (.text:GPIOIntClear)
                  0000188c    00000006                   : gpio.obj (.text:GPIOPinWrite)
                  00001892    00000006                   : sysctl.obj (.text:SysCtlDelay)
                  00001898    00000006                   : uart.obj (.text:UARTClockSourceSet)
                  0000189e    00000004     rtsv7M4_T_le_v4SPD16_eabi.lib : pre_init.c.obj (.text:_system_pre_init)
                  000018a2    00000004                                   : exit.c.obj (.text:abort:abort)

.const     0    000018a8    000002d8     
                  000018a8    000000d8     driverlib.lib : gpio.obj (.const:g_ppui32GPIOIntMapSnowflake)
                  00001980    000000c0                   : gpio.obj (.const:g_ppui32GPIOIntMapBlizzard)
                  00001a40    00000090                   : gpio.obj (.const:g_pui32GPIOBaseAddrs)
                  00001ad0    0000006c                   : sysctl.obj (.const:g_pui32Xtals)
                  00001b3c    00000014                   : interrupt.obj (.const:g_pui32EnRegs)
                  00001b50    00000012     uartstdio.obj (.const:.string)
                  00001b62    00000002     --HOLE-- [fill = 0]
                  00001b64    0000000c     uartstdio.obj (.const:g_ui32UARTBase)
                  00001b70    0000000c     uartstdio.obj (.const:g_ui32UARTPeriph)
                  00001b7c    00000004     uartstdio.obj (.const)

.cinit     0    00001b80    00000030     
                  00001b80    0000000c     (__TI_handler_table)
                  00001b8c    0000000b     (.cinit..data.load) [load image, compression = lzss]
                  00001b97    00000001     --HOLE-- [fill = 0]
                  00001b98    00000008     (.cinit..vtable.load) [load image, compression = zero_init]
                  00001ba0    00000010     (__TI_cinit_table)

.init_array 
*          0    00000000    00000000     UNINITIALIZED

.vtable    0    20000000    0000026c     UNINITIALIZED
                  20000000    0000026c     driverlib.lib : interrupt.obj (.vtable)

.data      0    20000470    00000018     UNINITIALIZED
                  20000470    0000000c     Initialization.obj (.data)
                  2000047c    00000005     uartstdio.obj (.data)
                  20000481    00000003     --HOLE--
                  20000484    00000004     main.obj (.data)

.stack     0    20000270    00000200     UNINITIALIZED
                  20000270    00000004     rtsv7M4_T_le_v4SPD16_eabi.lib : boot_cortex_m.c.obj (.stack)
                  20000274    000001fc     --HOLE--

__llvm_prf_cnts 
*          0    20000000    00000000     UNINITIALIZED

MODULE SUMMARY

       Module                         code   ro data   rw data
       ------                         ----   -------   -------
    .\
       uartstdio.obj                  1192   46        5      
       tm4c123gh6pm_startup_ccs.obj   12     620       0      
       Initialization.obj             524    0         12     
       main.obj                       376    0         4      
       my_gpio.obj                    264    0         0      
    +--+------------------------------+------+---------+---------+
       Total:                         2368   666       21     
                                                              
    C:/ti/TivaWare_C_Series-2.2.0.295/driverlib/ccs/Debug/driverlib.lib
       gpio.obj                       794    552       0      
       sysctl.obj                     694    108       0      
       interrupt.obj                  156    20        620    
       adc.obj                        324    0         0      
       uart.obj                       148    0         0      
    +--+------------------------------+------+---------+---------+
       Total:                         2116   680       620    
                                                              
    C:\ti\ccs1260\ccs\tools\compiler\ti-cgt-arm_20.2.7.LTS\lib\rtsv7M4_T_le_v4SPD16_eabi.lib
       fd_div_t2.asm.obj              310    0         0      
       fd_mul_t2.asm.obj              252    0         0      
       memcpy_t2.asm.obj              156    0         0      
       fd_tos_t2.asm.obj              110    0         0      
       copy_decompress_lzss.c.obj     104    0         0      
       autoinit.c.obj                 68     0         0      
       u_divt2.asm.obj                64     0         0      
       boot_cortex_m.c.obj            52     0         0      
       u_tofd_t2.asm.obj              32     0         0      
       copy_zero_init.c.obj           28     0         0      
       copy_decompress_none.c.obj     14     0         0      
       exit.c.obj                     4      0         0      
       pre_init.c.obj                 4      0         0      
       div0.asm.obj                   2      0         0      
    +--+------------------------------+------+---------+---------+
       Total:                         1200   0         0      
                                                              
       Stack:                         0      0         512    
       Linker Generated:              0      47        0      
    +--+------------------------------+------+---------+---------+
       Grand Total:                   5684   1393      1153   


LINKER GENERATED COPY TABLES

__TI_cinit_table @ 00001ba0 records: 2, size/record: 8, table size: 16
	.data: load addr=00001b8c, load size=0000000b bytes, run addr=20000470, run size=00000018 bytes, compression=lzss
	.vtable: load addr=00001b98, load size=00000008 bytes, run addr=20000000, run size=0000026c bytes, compression=zero_init


LINKER GENERATED HANDLER TABLE

__TI_handler_table @ 00001b80 records: 3, size/record: 4, table size: 12
	index: 0, handler: __TI_zero_init
	index: 1, handler: __TI_decompress_lzss
	index: 2, handler: __TI_decompress_none


GLOBAL SYMBOLS: SORTED ALPHABETICALLY BY Name 

address   name                          
-------   ----                          
00000811  ADCInit                       
20000470  ADCInitComplete               
00001869  ADCIntClear                   
000016b1  ADCIntStatus                  
000017a1  ADCProcessorTrigger           
000013f9  ADCSequenceConfigure          
0000174d  ADCSequenceDataGet            
00001827  ADCSequenceEnable             
000011e9  ADCSequenceStepConfigure      
000018a3  C$$EXIT                       
20000474  ConsoleInitComplete           
000016df  GPIODirModeSet                
20000478  GPIOInitComplete              
00001887  GPIOIntClear                  
00001851  GPIOIntEnable                 
000017b9  GPIOIntRegister               
00001835  GPIOIntStatus                 
000013a1  GPIOIntTypeSet                
00000a99  GPIOPadConfigSet              
00001449  GPIOPinConfigure              
000017d1  GPIOPinTypeADC                
000017e7  GPIOPinTypeGPIOInput          
00001787  GPIOPinTypeGPIOOutput         
000017fd  GPIOPinTypeUART               
0000188d  GPIOPinWrite                  
000007bf  InitConsole                   
00000715  InitGPIO                      
0000086f  InitializationCheck           
000012d1  IntEnable                     
00000e97  IntPortBHandler               
00000e55  IntPortFHandler               
00001615  IntRegister                   
0000185d  ResetISR                      
00000d3d  SysCtlClockGet                
00001059  SysCtlClockSet                
00001893  SysCtlDelay                   
00001649  SysCtlPeripheralEnable        
000015a5  SysCtlPeripheralPresent       
000015dd  SysCtlPeripheralReady         
00001873  UARTCharGet                   
0000187d  UARTCharPut                   
00001899  UARTClockSourceSet            
00001495  UARTConfigSetExpClk           
0000170d  UARTDisable                   
00001813  UARTEnable                    
0000026d  UARTStdioConfig               
000003bd  UARTgetc                      
00000303  UARTgets                      
000006df  UARTprintf                    
000003e5  UARTvprintf                   
000002b3  UARTwrite                     
20000470  __STACK_END                   
00000200  __STACK_SIZE                  
20000470  __STACK_TOP                   
00001ba0  __TI_CINIT_Base               
00001bb0  __TI_CINIT_Limit              
00001b80  __TI_Handler_Table_Base       
00001b8c  __TI_Handler_Table_Limit      
00001521  __TI_auto_init_nobinit_nopinit
00001339  __TI_decompress_lzss          
00001843  __TI_decompress_none          
ffffffff  __TI_pprof_out_hndl           
ffffffff  __TI_prof_data_size           
ffffffff  __TI_prof_data_start          
00000000  __TI_static_base__            
0000176b  __TI_zero_init_nomemset       
00001263  __aeabi_d2f                   
00000c05  __aeabi_ddiv                  
00000f5d  __aeabi_dmul                  
00000d3b  __aeabi_idiv0                 
00000d3b  __aeabi_ldiv0                 
0000114d  __aeabi_memcpy                
0000114d  __aeabi_memcpy4               
0000114d  __aeabi_memcpy8               
0000172d  __aeabi_ui2d                  
00001565  __aeabi_uidiv                 
00001565  __aeabi_uidivmod              
ffffffff  __binit__                     
ffffffff  __c_args__                    
UNDEFED   __mpu_init                    
20000270  __stack                       
20000000  __start___llvm_prf_cnts       
20000000  __stop___llvm_prf_cnts        
0000167d  _c_int00_noargs               
UNDEFED   _system_post_cinit            
0000189f  _system_pre_init              
000018a3  abort                         
20000484  alert                         
ffffffff  binit                         
20000000  g_pfnRAMVectors               
00000000  g_pfnVectors                  
00000921  main                          
0000114d  memcpy                        


GLOBAL SYMBOLS: SORTED BY Symbol Address 

address   name                          
-------   ----                          
00000000  __TI_static_base__            
00000000  g_pfnVectors                  
00000200  __STACK_SIZE                  
0000026d  UARTStdioConfig               
000002b3  UARTwrite                     
00000303  UARTgets                      
000003bd  UARTgetc                      
000003e5  UARTvprintf                   
000006df  UARTprintf                    
00000715  InitGPIO                      
000007bf  InitConsole                   
00000811  ADCInit                       
0000086f  InitializationCheck           
00000921  main                          
00000a99  GPIOPadConfigSet              
00000c05  __aeabi_ddiv                  
00000d3b  __aeabi_idiv0                 
00000d3b  __aeabi_ldiv0                 
00000d3d  SysCtlClockGet                
00000e55  IntPortFHandler               
00000e97  IntPortBHandler               
00000f5d  __aeabi_dmul                  
00001059  SysCtlClockSet                
0000114d  __aeabi_memcpy                
0000114d  __aeabi_memcpy4               
0000114d  __aeabi_memcpy8               
0000114d  memcpy                        
000011e9  ADCSequenceStepConfigure      
00001263  __aeabi_d2f                   
000012d1  IntEnable                     
00001339  __TI_decompress_lzss          
000013a1  GPIOIntTypeSet                
000013f9  ADCSequenceConfigure          
00001449  GPIOPinConfigure              
00001495  UARTConfigSetExpClk           
00001521  __TI_auto_init_nobinit_nopinit
00001565  __aeabi_uidiv                 
00001565  __aeabi_uidivmod              
000015a5  SysCtlPeripheralPresent       
000015dd  SysCtlPeripheralReady         
00001615  IntRegister                   
00001649  SysCtlPeripheralEnable        
0000167d  _c_int00_noargs               
000016b1  ADCIntStatus                  
000016df  GPIODirModeSet                
0000170d  UARTDisable                   
0000172d  __aeabi_ui2d                  
0000174d  ADCSequenceDataGet            
0000176b  __TI_zero_init_nomemset       
00001787  GPIOPinTypeGPIOOutput         
000017a1  ADCProcessorTrigger           
000017b9  GPIOIntRegister               
000017d1  GPIOPinTypeADC                
000017e7  GPIOPinTypeGPIOInput          
000017fd  GPIOPinTypeUART               
00001813  UARTEnable                    
00001827  ADCSequenceEnable             
00001835  GPIOIntStatus                 
00001843  __TI_decompress_none          
00001851  GPIOIntEnable                 
0000185d  ResetISR                      
00001869  ADCIntClear                   
00001873  UARTCharGet                   
0000187d  UARTCharPut                   
00001887  GPIOIntClear                  
0000188d  GPIOPinWrite                  
00001893  SysCtlDelay                   
00001899  UARTClockSourceSet            
0000189f  _system_pre_init              
000018a3  C$$EXIT                       
000018a3  abort                         
00001b80  __TI_Handler_Table_Base       
00001b8c  __TI_Handler_Table_Limit      
00001ba0  __TI_CINIT_Base               
00001bb0  __TI_CINIT_Limit              
20000000  __start___llvm_prf_cnts       
20000000  __stop___llvm_prf_cnts        
20000000  g_pfnRAMVectors               
20000270  __stack                       
20000470  ADCInitComplete               
20000470  __STACK_END                   
20000470  __STACK_TOP                   
20000474  ConsoleInitComplete           
20000478  GPIOInitComplete              
20000484  alert                         
ffffffff  __TI_pprof_out_hndl           
ffffffff  __TI_prof_data_size           
ffffffff  __TI_prof_data_start          
ffffffff  __binit__                     
ffffffff  __c_args__                    
ffffffff  binit                         
UNDEFED   __mpu_init                    
UNDEFED   _system_post_cinit            

[93 symbols]
