******************************************************************************
                  TI ARM Linker PC v20.2.7                     
******************************************************************************
>> Linked Sun Mar 24 22:19:56 2024

OUTPUT FILE NAME:   <Security_System.out>
ENTRY POINT SYMBOL: "_c_int00_noargs"  address: 00001579


MEMORY CONFIGURATION

         name            origin    length      used     unused   attr    fill
----------------------  --------  ---------  --------  --------  ----  --------
  FLASH                 00000000   00040000  00001aaa  0003e556  R  X
  SRAM                  20000000   00008000  00000478  00007b88  RW X


SEGMENT ALLOCATION MAP

run origin  load origin   length   init length attrs members
----------  ----------- ---------- ----------- ----- -------
00000000    00000000    00001ab0   00001ab0    r-x
  00000000    00000000    0000026c   0000026c    r-- .intvecs
  0000026c    0000026c    00001536   00001536    r-x .text
  000017a4    000017a4    000002d8   000002d8    r-- .const
  00001a80    00001a80    00000030   00000030    r-- .cinit
20000000    20000000    0000047c   00000000    rw-
  20000000    20000000    0000026c   00000000    rw- .vtable
  20000270    20000270    00000200   00000000    rw- .stack
  20000470    20000470    0000000c   00000000    rw- .data


SECTION ALLOCATION MAP

 output                                  attributes/
section   page    origin      length       input sections
--------  ----  ----------  ----------   ----------------
.intvecs   0    00000000    0000026c     
                  00000000    0000026c     tm4c123gh6pm_startup_ccs.obj (.intvecs)

.text      0    0000026c    00001536     
                  0000026c    000004a8     uartstdio.obj (.text)
                  00000714    00000178     main.obj (.text)
                  0000088c    0000016c     driverlib.lib : gpio.obj (.text:GPIOPadConfigSet)
                  000009f8    0000015c     Initialization.obj (.text)
                  00000b54    00000136     rtsv7M4_T_le_v4SPD16_eabi.lib : fd_div_t2.asm.obj (.text)
                  00000c8a    00000002                                   : div0.asm.obj (.text)
                  00000c8c    00000118     driverlib.lib : sysctl.obj (.text:SysCtlClockGet)
                  00000da4    000000fc     rtsv7M4_T_le_v4SPD16_eabi.lib : fd_mul_t2.asm.obj (.text)
                  00000ea0    000000f4     driverlib.lib : sysctl.obj (.text:SysCtlClockSet)
                  00000f94    000000b4     my_gpio.obj (.text)
                  00001048    0000009c     rtsv7M4_T_le_v4SPD16_eabi.lib : memcpy_t2.asm.obj (.text)
                  000010e4    0000007a     driverlib.lib : adc.obj (.text:ADCSequenceStepConfigure)
                  0000115e    0000006e     rtsv7M4_T_le_v4SPD16_eabi.lib : fd_tos_t2.asm.obj (.text)
                  000011cc    00000068     driverlib.lib : interrupt.obj (.text:IntEnable)
                  00001234    00000068     rtsv7M4_T_le_v4SPD16_eabi.lib : copy_decompress_lzss.c.obj (.text:decompress:lzss:__TI_decompress_lzss)
                  0000129c    00000058     driverlib.lib : gpio.obj (.text:GPIOIntTypeSet)
                  000012f4    0000004e                   : adc.obj (.text:ADCSequenceConfigure)
                  00001342    00000002     --HOLE-- [fill = 0]
                  00001344    0000004c                   : gpio.obj (.text:GPIOPinConfigure)
                  00001390    00000046                   : uart.obj (.text:UARTConfigSetExpClk)
                  000013d6    00000002     --HOLE-- [fill = 0]
                  000013d8    00000044                   : gpio.obj (.text:_GPIOIntNumberGet)
                  0000141c    00000044     rtsv7M4_T_le_v4SPD16_eabi.lib : autoinit.c.obj (.text:__TI_auto_init_nobinit_nopinit:__TI_auto_init_nobinit_nopinit)
                  00001460    00000040                                   : u_divt2.asm.obj (.text)
                  000014a0    00000038     driverlib.lib : sysctl.obj (.text:SysCtlPeripheralPresent)
                  000014d8    00000038                   : sysctl.obj (.text:SysCtlPeripheralReady)
                  00001510    00000034                   : interrupt.obj (.text:IntRegister)
                  00001544    00000034                   : sysctl.obj (.text:SysCtlPeripheralEnable)
                  00001578    00000034     rtsv7M4_T_le_v4SPD16_eabi.lib : boot_cortex_m.c.obj (.text:_c_int00_noargs:_c_int00_noargs)
                  000015ac    0000002e     driverlib.lib : adc.obj (.text:ADCIntStatus)
                  000015da    0000002c                   : gpio.obj (.text:GPIODirModeSet)
                  00001606    00000002     --HOLE-- [fill = 0]
                  00001608    00000020                   : uart.obj (.text:UARTDisable)
                  00001628    00000020     rtsv7M4_T_le_v4SPD16_eabi.lib : u_tofd_t2.asm.obj (.text)
                  00001648    0000001e     driverlib.lib : adc.obj (.text:ADCSequenceDataGet)
                  00001666    0000001c     rtsv7M4_T_le_v4SPD16_eabi.lib : copy_zero_init.c.obj (.text:decompress:ZI:__TI_zero_init_nomemset:__TI_zero_init_nomemset)
                  00001682    0000001a     driverlib.lib : gpio.obj (.text:GPIOPinTypeGPIOOutput)
                  0000169c    00000018                   : adc.obj (.text:ADCProcessorTrigger)
                  000016b4    00000018                   : gpio.obj (.text:GPIOIntRegister)
                  000016cc    00000016                   : gpio.obj (.text:GPIOPinTypeADC)
                  000016e2    00000016                   : gpio.obj (.text:GPIOPinTypeGPIOInput)
                  000016f8    00000016                   : gpio.obj (.text:GPIOPinTypeUART)
                  0000170e    00000014                   : uart.obj (.text:UARTEnable)
                  00001722    0000000e                   : adc.obj (.text:ADCSequenceEnable)
                  00001730    0000000e                   : gpio.obj (.text:GPIOIntStatus)
                  0000173e    0000000e     rtsv7M4_T_le_v4SPD16_eabi.lib : copy_decompress_none.c.obj (.text:decompress:none:__TI_decompress_none)
                  0000174c    0000000c     driverlib.lib : gpio.obj (.text:GPIOIntEnable)
                  00001758    0000000c     tm4c123gh6pm_startup_ccs.obj (.text)
                  00001764    0000000a     driverlib.lib : adc.obj (.text:ADCIntClear)
                  0000176e    0000000a                   : uart.obj (.text:UARTCharGet)
                  00001778    0000000a                   : uart.obj (.text:UARTCharPut)
                  00001782    00000006                   : gpio.obj (.text:GPIOIntClear)
                  00001788    00000006                   : gpio.obj (.text:GPIOPinWrite)
                  0000178e    00000006                   : sysctl.obj (.text:SysCtlDelay)
                  00001794    00000006                   : uart.obj (.text:UARTClockSourceSet)
                  0000179a    00000004     rtsv7M4_T_le_v4SPD16_eabi.lib : pre_init.c.obj (.text:_system_pre_init)
                  0000179e    00000004                                   : exit.c.obj (.text:abort:abort)

.const     0    000017a4    000002d8     
                  000017a4    000000d8     driverlib.lib : gpio.obj (.const:g_ppui32GPIOIntMapSnowflake)
                  0000187c    000000c0                   : gpio.obj (.const:g_ppui32GPIOIntMapBlizzard)
                  0000193c    00000090                   : gpio.obj (.const:g_pui32GPIOBaseAddrs)
                  000019cc    0000006c                   : sysctl.obj (.const:g_pui32Xtals)
                  00001a38    00000014                   : interrupt.obj (.const:g_pui32EnRegs)
                  00001a4c    00000012     uartstdio.obj (.const:.string)
                  00001a5e    00000002     --HOLE-- [fill = 0]
                  00001a60    0000000c     uartstdio.obj (.const:g_ui32UARTBase)
                  00001a6c    0000000c     uartstdio.obj (.const:g_ui32UARTPeriph)
                  00001a78    00000004     uartstdio.obj (.const)

.cinit     0    00001a80    00000030     
                  00001a80    0000000c     (__TI_handler_table)
                  00001a8c    0000000a     (.cinit..data.load) [load image, compression = lzss]
                  00001a96    00000002     --HOLE-- [fill = 0]
                  00001a98    00000008     (.cinit..vtable.load) [load image, compression = zero_init]
                  00001aa0    00000010     (__TI_cinit_table)

.init_array 
*          0    00000000    00000000     UNINITIALIZED

.vtable    0    20000000    0000026c     UNINITIALIZED
                  20000000    0000026c     driverlib.lib : interrupt.obj (.vtable)

.data      0    20000470    0000000c     UNINITIALIZED
                  20000470    00000005     uartstdio.obj (.data)
                  20000475    00000003     --HOLE--
                  20000478    00000004     main.obj (.data)

.stack     0    20000270    00000200     UNINITIALIZED
                  20000270    00000004     rtsv7M4_T_le_v4SPD16_eabi.lib : boot_cortex_m.c.obj (.stack)
                  20000274    000001fc     --HOLE--

__llvm_prf_cnts 
*          0    20000000    00000000     UNINITIALIZED

MODULE SUMMARY

       Module                         code   ro data   rw data
       ------                         ----   -------   -------
    .\
       uartstdio.obj                  1192   46        5      
       tm4c123gh6pm_startup_ccs.obj   12     620       0      
       main.obj                       376    0         4      
       Initialization.obj             348    0         0      
       my_gpio.obj                    180    0         0      
    +--+------------------------------+------+---------+---------+
       Total:                         2108   666       9      
                                                              
    C:/ti/TivaWare_C_Series-2.2.0.295/driverlib/ccs/Debug/driverlib.lib
       gpio.obj                       794    552       0      
       sysctl.obj                     694    108       0      
       interrupt.obj                  156    20        620    
       adc.obj                        324    0         0      
       uart.obj                       148    0         0      
    +--+------------------------------+------+---------+---------+
       Total:                         2116   680       620    
                                                              
    C:\ti\ccs1260\ccs\tools\compiler\ti-cgt-arm_20.2.7.LTS\lib\rtsv7M4_T_le_v4SPD16_eabi.lib
       fd_div_t2.asm.obj              310    0         0      
       fd_mul_t2.asm.obj              252    0         0      
       memcpy_t2.asm.obj              156    0         0      
       fd_tos_t2.asm.obj              110    0         0      
       copy_decompress_lzss.c.obj     104    0         0      
       autoinit.c.obj                 68     0         0      
       u_divt2.asm.obj                64     0         0      
       boot_cortex_m.c.obj            52     0         0      
       u_tofd_t2.asm.obj              32     0         0      
       copy_zero_init.c.obj           28     0         0      
       copy_decompress_none.c.obj     14     0         0      
       exit.c.obj                     4      0         0      
       pre_init.c.obj                 4      0         0      
       div0.asm.obj                   2      0         0      
    +--+------------------------------+------+---------+---------+
       Total:                         1200   0         0      
                                                              
       Stack:                         0      0         512    
       Linker Generated:              0      46        0      
    +--+------------------------------+------+---------+---------+
       Grand Total:                   5424   1392      1141   


LINKER GENERATED COPY TABLES

__TI_cinit_table @ 00001aa0 records: 2, size/record: 8, table size: 16
	.data: load addr=00001a8c, load size=0000000a bytes, run addr=20000470, run size=0000000c bytes, compression=lzss
	.vtable: load addr=00001a98, load size=00000008 bytes, run addr=20000000, run size=0000026c bytes, compression=zero_init


LINKER GENERATED HANDLER TABLE

__TI_handler_table @ 00001a80 records: 3, size/record: 4, table size: 12
	index: 0, handler: __TI_zero_init
	index: 1, handler: __TI_decompress_lzss
	index: 2, handler: __TI_decompress_none


GLOBAL SYMBOLS: SORTED ALPHABETICALLY BY Name 

address   name                          
-------   ----                          
00000ac9  ADCInit                       
00001765  ADCIntClear                   
000015ad  ADCIntStatus                  
0000169d  ADCProcessorTrigger           
000012f5  ADCSequenceConfigure          
00001649  ADCSequenceDataGet            
00001723  ADCSequenceEnable             
000010e5  ADCSequenceStepConfigure      
0000179f  C$$EXIT                       
000015db  GPIODirModeSet                
00001783  GPIOIntClear                  
0000174d  GPIOIntEnable                 
000016b5  GPIOIntRegister               
00001731  GPIOIntStatus                 
0000129d  GPIOIntTypeSet                
0000088d  GPIOPadConfigSet              
00001345  GPIOPinConfigure              
000016cd  GPIOPinTypeADC                
000016e3  GPIOPinTypeGPIOInput          
00001683  GPIOPinTypeGPIOOutput         
000016f9  GPIOPinTypeUART               
00001789  GPIOPinWrite                  
00000a8d  InitConsole                   
000009f9  InitGPIO                      
000011cd  IntEnable                     
00000fd7  IntPortBHandler               
00000f95  IntPortFHandler               
00001511  IntRegister                   
00001759  ResetISR                      
00000c8d  SysCtlClockGet                
00000ea1  SysCtlClockSet                
0000178f  SysCtlDelay                   
00001545  SysCtlPeripheralEnable        
000014a1  SysCtlPeripheralPresent       
000014d9  SysCtlPeripheralReady         
0000176f  UARTCharGet                   
00001779  UARTCharPut                   
00001795  UARTClockSourceSet            
00001391  UARTConfigSetExpClk           
00001609  UARTDisable                   
0000170f  UARTEnable                    
0000026d  UARTStdioConfig               
000003bd  UARTgetc                      
00000303  UARTgets                      
000006df  UARTprintf                    
000003e5  UARTvprintf                   
000002b3  UARTwrite                     
20000470  __STACK_END                   
00000200  __STACK_SIZE                  
20000470  __STACK_TOP                   
00001aa0  __TI_CINIT_Base               
00001ab0  __TI_CINIT_Limit              
00001a80  __TI_Handler_Table_Base       
00001a8c  __TI_Handler_Table_Limit      
0000141d  __TI_auto_init_nobinit_nopinit
00001235  __TI_decompress_lzss          
0000173f  __TI_decompress_none          
ffffffff  __TI_pprof_out_hndl           
ffffffff  __TI_prof_data_size           
ffffffff  __TI_prof_data_start          
00000000  __TI_static_base__            
00001667  __TI_zero_init_nomemset       
0000115f  __aeabi_d2f                   
00000b55  __aeabi_ddiv                  
00000da5  __aeabi_dmul                  
00000c8b  __aeabi_idiv0                 
00000c8b  __aeabi_ldiv0                 
00001049  __aeabi_memcpy                
00001049  __aeabi_memcpy4               
00001049  __aeabi_memcpy8               
00001629  __aeabi_ui2d                  
00001461  __aeabi_uidiv                 
00001461  __aeabi_uidivmod              
ffffffff  __binit__                     
ffffffff  __c_args__                    
UNDEFED   __mpu_init                    
20000270  __stack                       
20000000  __start___llvm_prf_cnts       
20000000  __stop___llvm_prf_cnts        
00001579  _c_int00_noargs               
UNDEFED   _system_post_cinit            
0000179b  _system_pre_init              
0000179f  abort                         
20000478  alert                         
ffffffff  binit                         
20000000  g_pfnRAMVectors               
00000000  g_pfnVectors                  
00000715  main                          
00001049  memcpy                        


GLOBAL SYMBOLS: SORTED BY Symbol Address 

address   name                          
-------   ----                          
00000000  __TI_static_base__            
00000000  g_pfnVectors                  
00000200  __STACK_SIZE                  
0000026d  UARTStdioConfig               
000002b3  UARTwrite                     
00000303  UARTgets                      
000003bd  UARTgetc                      
000003e5  UARTvprintf                   
000006df  UARTprintf                    
00000715  main                          
0000088d  GPIOPadConfigSet              
000009f9  InitGPIO                      
00000a8d  InitConsole                   
00000ac9  ADCInit                       
00000b55  __aeabi_ddiv                  
00000c8b  __aeabi_idiv0                 
00000c8b  __aeabi_ldiv0                 
00000c8d  SysCtlClockGet                
00000da5  __aeabi_dmul                  
00000ea1  SysCtlClockSet                
00000f95  IntPortFHandler               
00000fd7  IntPortBHandler               
00001049  __aeabi_memcpy                
00001049  __aeabi_memcpy4               
00001049  __aeabi_memcpy8               
00001049  memcpy                        
000010e5  ADCSequenceStepConfigure      
0000115f  __aeabi_d2f                   
000011cd  IntEnable                     
00001235  __TI_decompress_lzss          
0000129d  GPIOIntTypeSet                
000012f5  ADCSequenceConfigure          
00001345  GPIOPinConfigure              
00001391  UARTConfigSetExpClk           
0000141d  __TI_auto_init_nobinit_nopinit
00001461  __aeabi_uidiv                 
00001461  __aeabi_uidivmod              
000014a1  SysCtlPeripheralPresent       
000014d9  SysCtlPeripheralReady         
00001511  IntRegister                   
00001545  SysCtlPeripheralEnable        
00001579  _c_int00_noargs               
000015ad  ADCIntStatus                  
000015db  GPIODirModeSet                
00001609  UARTDisable                   
00001629  __aeabi_ui2d                  
00001649  ADCSequenceDataGet            
00001667  __TI_zero_init_nomemset       
00001683  GPIOPinTypeGPIOOutput         
0000169d  ADCProcessorTrigger           
000016b5  GPIOIntRegister               
000016cd  GPIOPinTypeADC                
000016e3  GPIOPinTypeGPIOInput          
000016f9  GPIOPinTypeUART               
0000170f  UARTEnable                    
00001723  ADCSequenceEnable             
00001731  GPIOIntStatus                 
0000173f  __TI_decompress_none          
0000174d  GPIOIntEnable                 
00001759  ResetISR                      
00001765  ADCIntClear                   
0000176f  UARTCharGet                   
00001779  UARTCharPut                   
00001783  GPIOIntClear                  
00001789  GPIOPinWrite                  
0000178f  SysCtlDelay                   
00001795  UARTClockSourceSet            
0000179b  _system_pre_init              
0000179f  C$$EXIT                       
0000179f  abort                         
00001a80  __TI_Handler_Table_Base       
00001a8c  __TI_Handler_Table_Limit      
00001aa0  __TI_CINIT_Base               
00001ab0  __TI_CINIT_Limit              
20000000  __start___llvm_prf_cnts       
20000000  __stop___llvm_prf_cnts        
20000000  g_pfnRAMVectors               
20000270  __stack                       
20000470  __STACK_END                   
20000470  __STACK_TOP                   
20000478  alert                         
ffffffff  __TI_pprof_out_hndl           
ffffffff  __TI_prof_data_size           
ffffffff  __TI_prof_data_start          
ffffffff  __binit__                     
ffffffff  __c_args__                    
ffffffff  binit                         
UNDEFED   __mpu_init                    
UNDEFED   _system_post_cinit            

[89 symbols]
