<?xml version="1.0" encoding="ISO-8859-1" ?>
<link_info>
   <banner>TI ARM Linker PC v20.2.7.LTS</banner>
   <copyright>Copyright (c) 1996-2018 Texas Instruments Incorporated</copyright>
   <link_time>0x660241d2</link_time>
   <link_errors>0x0</link_errors>
   <output_file>Security_System.out</output_file>
   <entry_point>
      <name>_c_int00_noargs</name>
      <address>0x167d</address>
   </entry_point>
   <input_file_list>
      <input_file id="fl-2">
         <path>.\</path>
         <kind>object</kind>
         <file>Initialization.obj</file>
         <name>Initialization.obj</name>
      </input_file>
      <input_file id="fl-3">
         <path>.\</path>
         <kind>object</kind>
         <file>main.obj</file>
         <name>main.obj</name>
      </input_file>
      <input_file id="fl-4">
         <path>.\</path>
         <kind>object</kind>
         <file>my_gpio.obj</file>
         <name>my_gpio.obj</name>
      </input_file>
      <input_file id="fl-5">
         <path>.\</path>
         <kind>object</kind>
         <file>tm4c123gh6pm_startup_ccs.obj</file>
         <name>tm4c123gh6pm_startup_ccs.obj</name>
      </input_file>
      <input_file id="fl-6">
         <path>.\</path>
         <kind>object</kind>
         <file>uartstdio.obj</file>
         <name>uartstdio.obj</name>
      </input_file>
      <input_file id="fl-b">
         <kind>object</kind>
         <file>&lt;internal&gt;</file>
         <name>&lt;internal&gt;</name>
      </input_file>
      <input_file id="fl-c">
         <path>C:\ti\TivaWare_C_Series-2.2.0.295\driverlib\ccs\Debug\</path>
         <kind>archive</kind>
         <file>driverlib.lib</file>
         <name>adc.obj</name>
      </input_file>
      <input_file id="fl-d">
         <path>C:\ti\TivaWare_C_Series-2.2.0.295\driverlib\ccs\Debug\</path>
         <kind>archive</kind>
         <file>driverlib.lib</file>
         <name>gpio.obj</name>
      </input_file>
      <input_file id="fl-e">
         <path>C:\ti\TivaWare_C_Series-2.2.0.295\driverlib\ccs\Debug\</path>
         <kind>archive</kind>
         <file>driverlib.lib</file>
         <name>interrupt.obj</name>
      </input_file>
      <input_file id="fl-f">
         <path>C:\ti\TivaWare_C_Series-2.2.0.295\driverlib\ccs\Debug\</path>
         <kind>archive</kind>
         <file>driverlib.lib</file>
         <name>sysctl.obj</name>
      </input_file>
      <input_file id="fl-10">
         <path>C:\ti\TivaWare_C_Series-2.2.0.295\driverlib\ccs\Debug\</path>
         <kind>archive</kind>
         <file>driverlib.lib</file>
         <name>uart.obj</name>
      </input_file>
      <input_file id="fl-11">
         <path>C:\ti\TivaWare_C_Series-2.2.0.295\driverlib\ccs\Debug\</path>
         <kind>archive</kind>
         <file>driverlib.lib</file>
         <name>cpu.obj</name>
      </input_file>
      <input_file id="fl-c7">
         <path>C:\ti\ccs1260\ccs\tools\compiler\ti-cgt-arm_20.2.7.LTS\lib\</path>
         <kind>archive</kind>
         <file>rtsv7M4_T_le_v4SPD16_eabi.lib</file>
         <name>fd_div_t2.asm.obj</name>
      </input_file>
      <input_file id="fl-c8">
         <path>C:\ti\ccs1260\ccs\tools\compiler\ti-cgt-arm_20.2.7.LTS\lib\</path>
         <kind>archive</kind>
         <file>rtsv7M4_T_le_v4SPD16_eabi.lib</file>
         <name>fd_mul_t2.asm.obj</name>
      </input_file>
      <input_file id="fl-c9">
         <path>C:\ti\ccs1260\ccs\tools\compiler\ti-cgt-arm_20.2.7.LTS\lib\</path>
         <kind>archive</kind>
         <file>rtsv7M4_T_le_v4SPD16_eabi.lib</file>
         <name>fd_tos_t2.asm.obj</name>
      </input_file>
      <input_file id="fl-ca">
         <path>C:\ti\ccs1260\ccs\tools\compiler\ti-cgt-arm_20.2.7.LTS\lib\</path>
         <kind>archive</kind>
         <file>rtsv7M4_T_le_v4SPD16_eabi.lib</file>
         <name>u_tofd_t2.asm.obj</name>
      </input_file>
      <input_file id="fl-cb">
         <path>C:\ti\ccs1260\ccs\tools\compiler\ti-cgt-arm_20.2.7.LTS\lib\</path>
         <kind>archive</kind>
         <file>rtsv7M4_T_le_v4SPD16_eabi.lib</file>
         <name>u_divt2.asm.obj</name>
      </input_file>
      <input_file id="fl-cc">
         <path>C:\ti\ccs1260\ccs\tools\compiler\ti-cgt-arm_20.2.7.LTS\lib\</path>
         <kind>archive</kind>
         <file>rtsv7M4_T_le_v4SPD16_eabi.lib</file>
         <name>copy_zero_init.c.obj</name>
      </input_file>
      <input_file id="fl-cd">
         <path>C:\ti\ccs1260\ccs\tools\compiler\ti-cgt-arm_20.2.7.LTS\lib\</path>
         <kind>archive</kind>
         <file>rtsv7M4_T_le_v4SPD16_eabi.lib</file>
         <name>copy_decompress_none.c.obj</name>
      </input_file>
      <input_file id="fl-ce">
         <path>C:\ti\ccs1260\ccs\tools\compiler\ti-cgt-arm_20.2.7.LTS\lib\</path>
         <kind>archive</kind>
         <file>rtsv7M4_T_le_v4SPD16_eabi.lib</file>
         <name>copy_decompress_lzss.c.obj</name>
      </input_file>
      <input_file id="fl-cf">
         <path>C:\ti\ccs1260\ccs\tools\compiler\ti-cgt-arm_20.2.7.LTS\lib\</path>
         <kind>archive</kind>
         <file>rtsv7M4_T_le_v4SPD16_eabi.lib</file>
         <name>boot_cortex_m.c.obj</name>
      </input_file>
      <input_file id="fl-d0">
         <path>C:\ti\ccs1260\ccs\tools\compiler\ti-cgt-arm_20.2.7.LTS\lib\</path>
         <kind>archive</kind>
         <file>rtsv7M4_T_le_v4SPD16_eabi.lib</file>
         <name>div0.asm.obj</name>
      </input_file>
      <input_file id="fl-d1">
         <path>C:\ti\ccs1260\ccs\tools\compiler\ti-cgt-arm_20.2.7.LTS\lib\</path>
         <kind>archive</kind>
         <file>rtsv7M4_T_le_v4SPD16_eabi.lib</file>
         <name>memcpy_t2.asm.obj</name>
      </input_file>
      <input_file id="fl-d2">
         <path>C:\ti\ccs1260\ccs\tools\compiler\ti-cgt-arm_20.2.7.LTS\lib\</path>
         <kind>archive</kind>
         <file>rtsv7M4_T_le_v4SPD16_eabi.lib</file>
         <name>memset_t2.asm.obj</name>
      </input_file>
      <input_file id="fl-d3">
         <path>C:\ti\ccs1260\ccs\tools\compiler\ti-cgt-arm_20.2.7.LTS\lib\</path>
         <kind>archive</kind>
         <file>rtsv7M4_T_le_v4SPD16_eabi.lib</file>
         <name>autoinit.c.obj</name>
      </input_file>
      <input_file id="fl-d4">
         <path>C:\ti\ccs1260\ccs\tools\compiler\ti-cgt-arm_20.2.7.LTS\lib\</path>
         <kind>archive</kind>
         <file>rtsv7M4_T_le_v4SPD16_eabi.lib</file>
         <name>pre_init.c.obj</name>
      </input_file>
      <input_file id="fl-d5">
         <path>C:\ti\ccs1260\ccs\tools\compiler\ti-cgt-arm_20.2.7.LTS\lib\</path>
         <kind>archive</kind>
         <file>rtsv7M4_T_le_v4SPD16_eabi.lib</file>
         <name>cpy_tbl.c.obj</name>
      </input_file>
      <input_file id="fl-d6">
         <path>C:\ti\ccs1260\ccs\tools\compiler\ti-cgt-arm_20.2.7.LTS\lib\</path>
         <kind>archive</kind>
         <file>rtsv7M4_T_le_v4SPD16_eabi.lib</file>
         <name>exit.c.obj</name>
      </input_file>
      <input_file id="fl-d7">
         <path>C:\ti\ccs1260\ccs\tools\compiler\ti-cgt-arm_20.2.7.LTS\lib\</path>
         <kind>archive</kind>
         <file>rtsv7M4_T_le_v4SPD16_eabi.lib</file>
         <name>_lock.c.obj</name>
      </input_file>
      <input_file id="fl-d8">
         <path>C:\ti\ccs1260\ccs\tools\compiler\ti-cgt-arm_20.2.7.LTS\lib\</path>
         <kind>archive</kind>
         <file>rtsv7M4_T_le_v4SPD16_eabi.lib</file>
         <name>args_main.c.obj</name>
      </input_file>
   </input_file_list>
   <object_component_list>
      <object_component id="oc-12">
         <name>.intvecs</name>
         <load_address>0x0</load_address>
         <run_address>0x0</run_address>
         <size>0x26c</size>
         <input_file_ref idref="fl-5"/>
      </object_component>
      <object_component id="oc-d4">
         <name>.text</name>
         <load_address>0x26c</load_address>
         <run_address>0x26c</run_address>
         <size>0x4a8</size>
         <input_file_ref idref="fl-6"/>
      </object_component>
      <object_component id="oc-ce">
         <name>.text</name>
         <load_address>0x714</load_address>
         <run_address>0x714</run_address>
         <size>0x20c</size>
         <input_file_ref idref="fl-2"/>
      </object_component>
      <object_component id="oc-9b">
         <name>.text</name>
         <load_address>0x920</load_address>
         <run_address>0x920</run_address>
         <size>0x178</size>
         <input_file_ref idref="fl-3"/>
      </object_component>
      <object_component id="oc-176">
         <name>.text:GPIOPadConfigSet</name>
         <load_address>0xa98</load_address>
         <run_address>0xa98</run_address>
         <size>0x16c</size>
         <input_file_ref idref="fl-d"/>
      </object_component>
      <object_component id="oc-fc">
         <name>.text</name>
         <load_address>0xc04</load_address>
         <run_address>0xc04</run_address>
         <size>0x136</size>
         <input_file_ref idref="fl-c7"/>
      </object_component>
      <object_component id="oc-289">
         <name>.text</name>
         <load_address>0xd3a</load_address>
         <run_address>0xd3a</run_address>
         <size>0x2</size>
         <input_file_ref idref="fl-d0"/>
      </object_component>
      <object_component id="oc-10c">
         <name>.text:SysCtlClockGet</name>
         <load_address>0xd3c</load_address>
         <run_address>0xd3c</run_address>
         <size>0x118</size>
         <input_file_ref idref="fl-f"/>
      </object_component>
      <object_component id="oc-1b8">
         <name>.text</name>
         <load_address>0xe54</load_address>
         <run_address>0xe54</run_address>
         <size>0x108</size>
         <input_file_ref idref="fl-4"/>
      </object_component>
      <object_component id="oc-f7">
         <name>.text</name>
         <load_address>0xf5c</load_address>
         <run_address>0xf5c</run_address>
         <size>0xfc</size>
         <input_file_ref idref="fl-c8"/>
      </object_component>
      <object_component id="oc-c8">
         <name>.text:SysCtlClockSet</name>
         <load_address>0x1058</load_address>
         <run_address>0x1058</run_address>
         <size>0xf4</size>
         <input_file_ref idref="fl-f"/>
      </object_component>
      <object_component id="oc-3b">
         <name>.text</name>
         <load_address>0x114c</load_address>
         <run_address>0x114c</run_address>
         <size>0x9c</size>
         <input_file_ref idref="fl-d1"/>
      </object_component>
      <object_component id="oc-1ac">
         <name>.text:ADCSequenceStepConfigure</name>
         <load_address>0x11e8</load_address>
         <run_address>0x11e8</run_address>
         <size>0x7a</size>
         <input_file_ref idref="fl-c"/>
      </object_component>
      <object_component id="oc-101">
         <name>.text</name>
         <load_address>0x1262</load_address>
         <run_address>0x1262</run_address>
         <size>0x6e</size>
         <input_file_ref idref="fl-c9"/>
      </object_component>
      <object_component id="oc-256">
         <name>.text:IntEnable</name>
         <load_address>0x12d0</load_address>
         <run_address>0x12d0</run_address>
         <size>0x68</size>
         <input_file_ref idref="fl-e"/>
      </object_component>
      <object_component id="oc-15">
         <name>.text:decompress:lzss:__TI_decompress_lzss</name>
         <load_address>0x1338</load_address>
         <run_address>0x1338</run_address>
         <size>0x68</size>
         <input_file_ref idref="fl-ce"/>
      </object_component>
      <object_component id="oc-17c">
         <name>.text:GPIOIntTypeSet</name>
         <load_address>0x13a0</load_address>
         <run_address>0x13a0</run_address>
         <size>0x58</size>
         <input_file_ref idref="fl-d"/>
      </object_component>
      <object_component id="oc-1a6">
         <name>.text:ADCSequenceConfigure</name>
         <load_address>0x13f8</load_address>
         <run_address>0x13f8</run_address>
         <size>0x4e</size>
         <input_file_ref idref="fl-c"/>
      </object_component>
      <object_component id="oc-18e">
         <name>.text:GPIOPinConfigure</name>
         <load_address>0x1448</load_address>
         <run_address>0x1448</run_address>
         <size>0x4c</size>
         <input_file_ref idref="fl-d"/>
      </object_component>
      <object_component id="oc-1c8">
         <name>.text:UARTConfigSetExpClk</name>
         <load_address>0x1494</load_address>
         <run_address>0x1494</run_address>
         <size>0x46</size>
         <input_file_ref idref="fl-10"/>
      </object_component>
      <object_component id="oc-24a">
         <name>.text:_GPIOIntNumberGet</name>
         <load_address>0x14dc</load_address>
         <run_address>0x14dc</run_address>
         <size>0x44</size>
         <input_file_ref idref="fl-d"/>
      </object_component>
      <object_component id="oc-123">
         <name>.text:__TI_auto_init_nobinit_nopinit:__TI_auto_init_nobinit_nopinit</name>
         <load_address>0x1520</load_address>
         <run_address>0x1520</run_address>
         <size>0x44</size>
         <input_file_ref idref="fl-d3"/>
      </object_component>
      <object_component id="oc-1e9">
         <name>.text</name>
         <load_address>0x1564</load_address>
         <run_address>0x1564</run_address>
         <size>0x40</size>
         <input_file_ref idref="fl-cb"/>
      </object_component>
      <object_component id="oc-1c2">
         <name>.text:SysCtlPeripheralPresent</name>
         <load_address>0x15a4</load_address>
         <run_address>0x15a4</run_address>
         <size>0x38</size>
         <input_file_ref idref="fl-f"/>
      </object_component>
      <object_component id="oc-164">
         <name>.text:SysCtlPeripheralReady</name>
         <load_address>0x15dc</load_address>
         <run_address>0x15dc</run_address>
         <size>0x38</size>
         <input_file_ref idref="fl-f"/>
      </object_component>
      <object_component id="oc-250">
         <name>.text:IntRegister</name>
         <load_address>0x1614</load_address>
         <run_address>0x1614</run_address>
         <size>0x34</size>
         <input_file_ref idref="fl-e"/>
      </object_component>
      <object_component id="oc-15e">
         <name>.text:SysCtlPeripheralEnable</name>
         <load_address>0x1648</load_address>
         <run_address>0x1648</run_address>
         <size>0x34</size>
         <input_file_ref idref="fl-f"/>
      </object_component>
      <object_component id="oc-59">
         <name>.text:_c_int00_noargs:_c_int00_noargs</name>
         <load_address>0x167c</load_address>
         <run_address>0x167c</run_address>
         <size>0x34</size>
         <input_file_ref idref="fl-cf"/>
      </object_component>
      <object_component id="oc-e0">
         <name>.text:ADCIntStatus</name>
         <load_address>0x16b0</load_address>
         <run_address>0x16b0</run_address>
         <size>0x2e</size>
         <input_file_ref idref="fl-c"/>
      </object_component>
      <object_component id="oc-240">
         <name>.text:GPIODirModeSet</name>
         <load_address>0x16de</load_address>
         <run_address>0x16de</run_address>
         <size>0x2c</size>
         <input_file_ref idref="fl-d"/>
      </object_component>
      <object_component id="oc-279">
         <name>.text:UARTDisable</name>
         <load_address>0x170c</load_address>
         <run_address>0x170c</run_address>
         <size>0x20</size>
         <input_file_ref idref="fl-10"/>
      </object_component>
      <object_component id="oc-f2">
         <name>.text</name>
         <load_address>0x172c</load_address>
         <run_address>0x172c</run_address>
         <size>0x20</size>
         <input_file_ref idref="fl-ca"/>
      </object_component>
      <object_component id="oc-ec">
         <name>.text:ADCSequenceDataGet</name>
         <load_address>0x174c</load_address>
         <run_address>0x174c</run_address>
         <size>0x1e</size>
         <input_file_ref idref="fl-c"/>
      </object_component>
      <object_component id="oc-47">
         <name>.text:decompress:ZI:__TI_zero_init_nomemset:__TI_zero_init_nomemset</name>
         <load_address>0x176a</load_address>
         <run_address>0x176a</run_address>
         <size>0x1c</size>
         <input_file_ref idref="fl-cc"/>
      </object_component>
      <object_component id="oc-16a">
         <name>.text:GPIOPinTypeGPIOOutput</name>
         <load_address>0x1786</load_address>
         <run_address>0x1786</run_address>
         <size>0x1a</size>
         <input_file_ref idref="fl-d"/>
      </object_component>
      <object_component id="oc-da">
         <name>.text:ADCProcessorTrigger</name>
         <load_address>0x17a0</load_address>
         <run_address>0x17a0</run_address>
         <size>0x18</size>
         <input_file_ref idref="fl-c"/>
      </object_component>
      <object_component id="oc-182">
         <name>.text:GPIOIntRegister</name>
         <load_address>0x17b8</load_address>
         <run_address>0x17b8</run_address>
         <size>0x18</size>
         <input_file_ref idref="fl-d"/>
      </object_component>
      <object_component id="oc-1a0">
         <name>.text:GPIOPinTypeADC</name>
         <load_address>0x17d0</load_address>
         <run_address>0x17d0</run_address>
         <size>0x16</size>
         <input_file_ref idref="fl-d"/>
      </object_component>
      <object_component id="oc-170">
         <name>.text:GPIOPinTypeGPIOInput</name>
         <load_address>0x17e6</load_address>
         <run_address>0x17e6</run_address>
         <size>0x16</size>
         <input_file_ref idref="fl-d"/>
      </object_component>
      <object_component id="oc-19a">
         <name>.text:GPIOPinTypeUART</name>
         <load_address>0x17fc</load_address>
         <run_address>0x17fc</run_address>
         <size>0x16</size>
         <input_file_ref idref="fl-d"/>
      </object_component>
      <object_component id="oc-1ce">
         <name>.text:UARTEnable</name>
         <load_address>0x1812</load_address>
         <run_address>0x1812</run_address>
         <size>0x14</size>
         <input_file_ref idref="fl-10"/>
      </object_component>
      <object_component id="oc-1b2">
         <name>.text:ADCSequenceEnable</name>
         <load_address>0x1826</load_address>
         <run_address>0x1826</run_address>
         <size>0xe</size>
         <input_file_ref idref="fl-c"/>
      </object_component>
      <object_component id="oc-269">
         <name>.text:GPIOIntStatus</name>
         <load_address>0x1834</load_address>
         <run_address>0x1834</run_address>
         <size>0xe</size>
         <input_file_ref idref="fl-d"/>
      </object_component>
      <object_component id="oc-1b">
         <name>.text:decompress:none:__TI_decompress_none</name>
         <load_address>0x1842</load_address>
         <run_address>0x1842</run_address>
         <size>0xe</size>
         <input_file_ref idref="fl-cd"/>
      </object_component>
      <object_component id="oc-188">
         <name>.text:GPIOIntEnable</name>
         <load_address>0x1850</load_address>
         <run_address>0x1850</run_address>
         <size>0xc</size>
         <input_file_ref idref="fl-d"/>
      </object_component>
      <object_component id="oc-27">
         <name>.text</name>
         <load_address>0x185c</load_address>
         <run_address>0x185c</run_address>
         <size>0xc</size>
         <input_file_ref idref="fl-5"/>
      </object_component>
      <object_component id="oc-e6">
         <name>.text:ADCIntClear</name>
         <load_address>0x1868</load_address>
         <run_address>0x1868</run_address>
         <size>0xa</size>
         <input_file_ref idref="fl-c"/>
      </object_component>
      <object_component id="oc-1da">
         <name>.text:UARTCharGet</name>
         <load_address>0x1872</load_address>
         <run_address>0x1872</run_address>
         <size>0xa</size>
         <input_file_ref idref="fl-10"/>
      </object_component>
      <object_component id="oc-1d4">
         <name>.text:UARTCharPut</name>
         <load_address>0x187c</load_address>
         <run_address>0x187c</run_address>
         <size>0xa</size>
         <input_file_ref idref="fl-10"/>
      </object_component>
      <object_component id="oc-26f">
         <name>.text:GPIOIntClear</name>
         <load_address>0x1886</load_address>
         <run_address>0x1886</run_address>
         <size>0x6</size>
         <input_file_ref idref="fl-d"/>
      </object_component>
      <object_component id="oc-106">
         <name>.text:GPIOPinWrite</name>
         <load_address>0x188c</load_address>
         <run_address>0x188c</run_address>
         <size>0x6</size>
         <input_file_ref idref="fl-d"/>
      </object_component>
      <object_component id="oc-112">
         <name>.text:SysCtlDelay</name>
         <load_address>0x1892</load_address>
         <run_address>0x1892</run_address>
         <size>0x6</size>
         <input_file_ref idref="fl-f"/>
      </object_component>
      <object_component id="oc-194">
         <name>.text:UARTClockSourceSet</name>
         <load_address>0x1898</load_address>
         <run_address>0x1898</run_address>
         <size>0x6</size>
         <input_file_ref idref="fl-10"/>
      </object_component>
      <object_component id="oc-95">
         <name>.text:_system_pre_init</name>
         <load_address>0x189e</load_address>
         <run_address>0x189e</run_address>
         <size>0x4</size>
         <input_file_ref idref="fl-d4"/>
      </object_component>
      <object_component id="oc-117">
         <name>.text:abort:abort</name>
         <load_address>0x18a2</load_address>
         <run_address>0x18a2</run_address>
         <size>0x4</size>
         <input_file_ref idref="fl-d6"/>
      </object_component>
      <object_component id="oc-2bf">
         <name>.const:g_ppui32GPIOIntMapSnowflake</name>
         <load_address>0x18a8</load_address>
         <run_address>0x18a8</run_address>
         <size>0xd8</size>
         <input_file_ref idref="fl-d"/>
      </object_component>
      <object_component id="oc-2bc">
         <name>.const:g_ppui32GPIOIntMapBlizzard</name>
         <load_address>0x1980</load_address>
         <run_address>0x1980</run_address>
         <size>0xc0</size>
         <input_file_ref idref="fl-d"/>
      </object_component>
      <object_component id="oc-25e">
         <name>.const:g_pui32GPIOBaseAddrs</name>
         <load_address>0x1a40</load_address>
         <run_address>0x1a40</run_address>
         <size>0x90</size>
         <input_file_ref idref="fl-d"/>
      </object_component>
      <object_component id="oc-203">
         <name>.const:g_pui32Xtals</name>
         <load_address>0x1ad0</load_address>
         <run_address>0x1ad0</run_address>
         <size>0x6c</size>
         <input_file_ref idref="fl-f"/>
      </object_component>
      <object_component id="oc-2c8">
         <name>.const:g_pui32EnRegs</name>
         <load_address>0x1b3c</load_address>
         <run_address>0x1b3c</run_address>
         <size>0x14</size>
         <input_file_ref idref="fl-e"/>
      </object_component>
      <object_component id="oc-28f">
         <name>.const:.string</name>
         <load_address>0x1b50</load_address>
         <run_address>0x1b50</run_address>
         <size>0x12</size>
         <input_file_ref idref="fl-6"/>
      </object_component>
      <object_component id="oc-1e6">
         <name>.const:g_ui32UARTBase</name>
         <load_address>0x1b64</load_address>
         <run_address>0x1b64</run_address>
         <size>0xc</size>
         <input_file_ref idref="fl-6"/>
      </object_component>
      <object_component id="oc-1e0">
         <name>.const:g_ui32UARTPeriph</name>
         <load_address>0x1b70</load_address>
         <run_address>0x1b70</run_address>
         <size>0xc</size>
         <input_file_ref idref="fl-6"/>
      </object_component>
      <object_component id="oc-1ee">
         <name>.const</name>
         <load_address>0x1b7c</load_address>
         <run_address>0x1b7c</run_address>
         <size>0x4</size>
         <input_file_ref idref="fl-6"/>
      </object_component>
      <object_component id="oc-316">
         <name>__TI_handler_table</name>
         <load_address>0x1b80</load_address>
         <run_address>0x1b80</run_address>
         <size>0xc</size>
      </object_component>
      <object_component id="oc-319">
         <name>.cinit..data.load</name>
         <load_address>0x1b8c</load_address>
         <run_address>0x1b8c</run_address>
         <size>0xb</size>
      </object_component>
      <object_component id="oc-318">
         <name>.cinit..vtable.load</name>
         <load_address>0x1b98</load_address>
         <run_address>0x1b98</run_address>
         <size>0x8</size>
      </object_component>
      <object_component id="oc-317">
         <name>__TI_cinit_table</name>
         <load_address>0x1ba0</load_address>
         <run_address>0x1ba0</run_address>
         <size>0x10</size>
      </object_component>
      <object_component id="oc-2c3">
         <name>.vtable</name>
         <uninitialized>true</uninitialized>
         <run_address>0x20000000</run_address>
         <size>0x26c</size>
         <input_file_ref idref="fl-e"/>
      </object_component>
      <object_component id="oc-1be">
         <name>.data</name>
         <load_address>0x20000470</load_address>
         <run_address>0x20000470</run_address>
         <size>0xc</size>
         <input_file_ref idref="fl-2"/>
      </object_component>
      <object_component id="oc-113">
         <name>.data</name>
         <load_address>0x20000484</load_address>
         <run_address>0x20000484</run_address>
         <size>0x4</size>
         <input_file_ref idref="fl-3"/>
      </object_component>
      <object_component id="oc-1e3">
         <name>.data</name>
         <load_address>0x2000047c</load_address>
         <run_address>0x2000047c</run_address>
         <size>0x5</size>
         <input_file_ref idref="fl-6"/>
      </object_component>
      <object_component id="oc-24">
         <name>.stack</name>
         <uninitialized>true</uninitialized>
         <run_address>0x20000270</run_address>
         <size>0x4</size>
         <input_file_ref idref="fl-cf"/>
      </object_component>
      <object_component id="oc-31b">
         <name>.stack</name>
         <uninitialized>true</uninitialized>
         <run_address>0x20000270</run_address>
         <size>0x0</size>
      </object_component>
      <object_component id="oc-b7">
         <name>.debug_info</name>
         <load_address>0x0</load_address>
         <run_address>0x0</run_address>
         <size>0x6e4</size>
         <input_file_ref idref="fl-2"/>
      </object_component>
      <object_component id="oc-1bf">
         <name>.debug_info</name>
         <load_address>0x6e4</load_address>
         <run_address>0x6e4</run_address>
         <size>0x152</size>
         <input_file_ref idref="fl-2"/>
      </object_component>
      <object_component id="oc-d2">
         <name>.debug_info</name>
         <load_address>0x836</load_address>
         <run_address>0x836</run_address>
         <size>0x68f</size>
         <input_file_ref idref="fl-2"/>
      </object_component>
      <object_component id="oc-70">
         <name>.debug_info</name>
         <load_address>0xec5</load_address>
         <run_address>0xec5</run_address>
         <size>0x26b</size>
         <input_file_ref idref="fl-2"/>
      </object_component>
      <object_component id="oc-b2">
         <name>.debug_info</name>
         <load_address>0x1130</load_address>
         <run_address>0x1130</run_address>
         <size>0x8b</size>
         <input_file_ref idref="fl-2"/>
      </object_component>
      <object_component id="oc-ad">
         <name>.debug_info</name>
         <load_address>0x11bb</load_address>
         <run_address>0x11bb</run_address>
         <size>0x2a4</size>
         <input_file_ref idref="fl-2"/>
      </object_component>
      <object_component id="oc-75">
         <name>.debug_info</name>
         <load_address>0x145f</load_address>
         <run_address>0x145f</run_address>
         <size>0xbb</size>
         <input_file_ref idref="fl-2"/>
      </object_component>
      <object_component id="oc-1f3">
         <name>.debug_info</name>
         <load_address>0x151a</load_address>
         <run_address>0x151a</run_address>
         <size>0x2c</size>
         <input_file_ref idref="fl-2"/>
      </object_component>
      <object_component id="oc-114">
         <name>.debug_info</name>
         <load_address>0x1546</load_address>
         <run_address>0x1546</run_address>
         <size>0xcc</size>
         <input_file_ref idref="fl-3"/>
      </object_component>
      <object_component id="oc-9c">
         <name>.debug_info</name>
         <load_address>0x1612</load_address>
         <run_address>0x1612</run_address>
         <size>0x32c</size>
         <input_file_ref idref="fl-3"/>
      </object_component>
      <object_component id="oc-1bb">
         <name>.debug_info</name>
         <load_address>0x193e</load_address>
         <run_address>0x193e</run_address>
         <size>0x25f</size>
         <input_file_ref idref="fl-4"/>
      </object_component>
      <object_component id="oc-2f">
         <name>.debug_info</name>
         <load_address>0x1b9d</load_address>
         <run_address>0x1b9d</run_address>
         <size>0x2af</size>
         <input_file_ref idref="fl-5"/>
      </object_component>
      <object_component id="oc-13">
         <name>.debug_info</name>
         <load_address>0x1e4c</load_address>
         <run_address>0x1e4c</run_address>
         <size>0xee</size>
         <input_file_ref idref="fl-5"/>
      </object_component>
      <object_component id="oc-2b">
         <name>.debug_info</name>
         <load_address>0x1f3a</load_address>
         <run_address>0x1f3a</run_address>
         <size>0x26a</size>
         <input_file_ref idref="fl-5"/>
      </object_component>
      <object_component id="oc-36">
         <name>.debug_info</name>
         <load_address>0x21a4</load_address>
         <run_address>0x21a4</run_address>
         <size>0x84</size>
         <input_file_ref idref="fl-5"/>
      </object_component>
      <object_component id="oc-1f2">
         <name>.debug_info</name>
         <load_address>0x2228</load_address>
         <run_address>0x2228</run_address>
         <size>0x408</size>
         <input_file_ref idref="fl-6"/>
      </object_component>
      <object_component id="oc-1e4">
         <name>.debug_info</name>
         <load_address>0x2630</load_address>
         <run_address>0x2630</run_address>
         <size>0xff</size>
         <input_file_ref idref="fl-6"/>
      </object_component>
      <object_component id="oc-1ef">
         <name>.debug_info</name>
         <load_address>0x272f</load_address>
         <run_address>0x272f</run_address>
         <size>0xf9</size>
         <input_file_ref idref="fl-6"/>
      </object_component>
      <object_component id="oc-1e7">
         <name>.debug_info</name>
         <load_address>0x2828</load_address>
         <run_address>0x2828</run_address>
         <size>0x107</size>
         <input_file_ref idref="fl-6"/>
      </object_component>
      <object_component id="oc-1e1">
         <name>.debug_info</name>
         <load_address>0x292f</load_address>
         <run_address>0x292f</run_address>
         <size>0x10b</size>
         <input_file_ref idref="fl-6"/>
      </object_component>
      <object_component id="oc-d6">
         <name>.debug_info</name>
         <load_address>0x2a3a</load_address>
         <run_address>0x2a3a</run_address>
         <size>0x964</size>
         <input_file_ref idref="fl-6"/>
      </object_component>
      <object_component id="oc-1f9">
         <name>.debug_info</name>
         <load_address>0x339e</load_address>
         <run_address>0x339e</run_address>
         <size>0x3ba</size>
         <input_file_ref idref="fl-c"/>
      </object_component>
      <object_component id="oc-1ae">
         <name>.debug_info</name>
         <load_address>0x3758</load_address>
         <run_address>0x3758</run_address>
         <size>0x33c</size>
         <input_file_ref idref="fl-c"/>
      </object_component>
      <object_component id="oc-1b4">
         <name>.debug_info</name>
         <load_address>0x3a94</load_address>
         <run_address>0x3a94</run_address>
         <size>0x2a9</size>
         <input_file_ref idref="fl-c"/>
      </object_component>
      <object_component id="oc-ee">
         <name>.debug_info</name>
         <load_address>0x3d3d</load_address>
         <run_address>0x3d3d</run_address>
         <size>0x308</size>
         <input_file_ref idref="fl-c"/>
      </object_component>
      <object_component id="oc-1a8">
         <name>.debug_info</name>
         <load_address>0x4045</load_address>
         <run_address>0x4045</run_address>
         <size>0x32f</size>
         <input_file_ref idref="fl-c"/>
      </object_component>
      <object_component id="oc-db">
         <name>.debug_info</name>
         <load_address>0x4374</load_address>
         <run_address>0x4374</run_address>
         <size>0x2ad</size>
         <input_file_ref idref="fl-c"/>
      </object_component>
      <object_component id="oc-e1">
         <name>.debug_info</name>
         <load_address>0x4621</load_address>
         <run_address>0x4621</run_address>
         <size>0x2f0</size>
         <input_file_ref idref="fl-c"/>
      </object_component>
      <object_component id="oc-e7">
         <name>.debug_info</name>
         <load_address>0x4911</load_address>
         <run_address>0x4911</run_address>
         <size>0x29d</size>
         <input_file_ref idref="fl-c"/>
      </object_component>
      <object_component id="oc-239">
         <name>.debug_info</name>
         <load_address>0x4bae</load_address>
         <run_address>0x4bae</run_address>
         <size>0x26b</size>
         <input_file_ref idref="fl-c"/>
      </object_component>
      <object_component id="oc-229">
         <name>.debug_info</name>
         <load_address>0x4e19</load_address>
         <run_address>0x4e19</run_address>
         <size>0x297</size>
         <input_file_ref idref="fl-c"/>
      </object_component>
      <object_component id="oc-234">
         <name>.debug_info</name>
         <load_address>0x50b0</load_address>
         <run_address>0x50b0</run_address>
         <size>0xef</size>
         <input_file_ref idref="fl-c"/>
      </object_component>
      <object_component id="oc-158">
         <name>.debug_info</name>
         <load_address>0x519f</load_address>
         <run_address>0x519f</run_address>
         <size>0xbb</size>
         <input_file_ref idref="fl-c"/>
      </object_component>
      <object_component id="oc-202">
         <name>.debug_info</name>
         <load_address>0x525a</load_address>
         <run_address>0x525a</run_address>
         <size>0x3e4</size>
         <input_file_ref idref="fl-d"/>
      </object_component>
      <object_component id="oc-2bd">
         <name>.debug_info</name>
         <load_address>0x563e</load_address>
         <run_address>0x563e</run_address>
         <size>0x170</size>
         <input_file_ref idref="fl-d"/>
      </object_component>
      <object_component id="oc-2c0">
         <name>.debug_info</name>
         <load_address>0x57ae</load_address>
         <run_address>0x57ae</run_address>
         <size>0x172</size>
         <input_file_ref idref="fl-d"/>
      </object_component>
      <object_component id="oc-25f">
         <name>.debug_info</name>
         <load_address>0x5920</load_address>
         <run_address>0x5920</run_address>
         <size>0x164</size>
         <input_file_ref idref="fl-d"/>
      </object_component>
      <object_component id="oc-107">
         <name>.debug_info</name>
         <load_address>0x5a84</load_address>
         <run_address>0x5a84</run_address>
         <size>0x2ac</size>
         <input_file_ref idref="fl-d"/>
      </object_component>
      <object_component id="oc-241">
         <name>.debug_info</name>
         <load_address>0x5d30</load_address>
         <run_address>0x5d30</run_address>
         <size>0x2bc</size>
         <input_file_ref idref="fl-d"/>
      </object_component>
      <object_component id="oc-177">
         <name>.debug_info</name>
         <load_address>0x5fec</load_address>
         <run_address>0x5fec</run_address>
         <size>0x31f</size>
         <input_file_ref idref="fl-d"/>
      </object_component>
      <object_component id="oc-19b">
         <name>.debug_info</name>
         <load_address>0x630b</load_address>
         <run_address>0x630b</run_address>
         <size>0x29b</size>
         <input_file_ref idref="fl-d"/>
      </object_component>
      <object_component id="oc-16b">
         <name>.debug_info</name>
         <load_address>0x65a6</load_address>
         <run_address>0x65a6</run_address>
         <size>0x2c0</size>
         <input_file_ref idref="fl-d"/>
      </object_component>
      <object_component id="oc-171">
         <name>.debug_info</name>
         <load_address>0x6866</load_address>
         <run_address>0x6866</run_address>
         <size>0x2a5</size>
         <input_file_ref idref="fl-d"/>
      </object_component>
      <object_component id="oc-1a1">
         <name>.debug_info</name>
         <load_address>0x6b0b</load_address>
         <run_address>0x6b0b</run_address>
         <size>0x299</size>
         <input_file_ref idref="fl-d"/>
      </object_component>
      <object_component id="oc-18f">
         <name>.debug_info</name>
         <load_address>0x6da4</load_address>
         <run_address>0x6da4</run_address>
         <size>0x289</size>
         <input_file_ref idref="fl-d"/>
      </object_component>
      <object_component id="oc-24b">
         <name>.debug_info</name>
         <load_address>0x702d</load_address>
         <run_address>0x702d</run_address>
         <size>0x2a1</size>
         <input_file_ref idref="fl-d"/>
      </object_component>
      <object_component id="oc-17d">
         <name>.debug_info</name>
         <load_address>0x72ce</load_address>
         <run_address>0x72ce</run_address>
         <size>0x2c4</size>
         <input_file_ref idref="fl-d"/>
      </object_component>
      <object_component id="oc-26b">
         <name>.debug_info</name>
         <load_address>0x7592</load_address>
         <run_address>0x7592</run_address>
         <size>0x288</size>
         <input_file_ref idref="fl-d"/>
      </object_component>
      <object_component id="oc-184">
         <name>.debug_info</name>
         <load_address>0x781a</load_address>
         <run_address>0x781a</run_address>
         <size>0x2d8</size>
         <input_file_ref idref="fl-d"/>
      </object_component>
      <object_component id="oc-18a">
         <name>.debug_info</name>
         <load_address>0x7af2</load_address>
         <run_address>0x7af2</run_address>
         <size>0x298</size>
         <input_file_ref idref="fl-d"/>
      </object_component>
      <object_component id="oc-270">
         <name>.debug_info</name>
         <load_address>0x7d8a</load_address>
         <run_address>0x7d8a</run_address>
         <size>0x296</size>
         <input_file_ref idref="fl-d"/>
      </object_component>
      <object_component id="oc-2c7">
         <name>.debug_info</name>
         <load_address>0x8020</load_address>
         <run_address>0x8020</run_address>
         <size>0x3b7</size>
         <input_file_ref idref="fl-e"/>
      </object_component>
      <object_component id="oc-2c9">
         <name>.debug_info</name>
         <load_address>0x83d7</load_address>
         <run_address>0x83d7</run_address>
         <size>0x15b</size>
         <input_file_ref idref="fl-e"/>
      </object_component>
      <object_component id="oc-2c4">
         <name>.debug_info</name>
         <load_address>0x8532</load_address>
         <run_address>0x8532</run_address>
         <size>0x160</size>
         <input_file_ref idref="fl-e"/>
      </object_component>
      <object_component id="oc-251">
         <name>.debug_info</name>
         <load_address>0x8692</load_address>
         <run_address>0x8692</run_address>
         <size>0x2ca</size>
         <input_file_ref idref="fl-e"/>
      </object_component>
      <object_component id="oc-258">
         <name>.debug_info</name>
         <load_address>0x895c</load_address>
         <run_address>0x895c</run_address>
         <size>0x271</size>
         <input_file_ref idref="fl-e"/>
      </object_component>
      <object_component id="oc-15d">
         <name>.debug_info</name>
         <load_address>0x8bcd</load_address>
         <run_address>0x8bcd</run_address>
         <size>0x441</size>
         <input_file_ref idref="fl-f"/>
      </object_component>
      <object_component id="oc-204">
         <name>.debug_info</name>
         <load_address>0x900e</load_address>
         <run_address>0x900e</run_address>
         <size>0x156</size>
         <input_file_ref idref="fl-f"/>
      </object_component>
      <object_component id="oc-165">
         <name>.debug_info</name>
         <load_address>0x9164</load_address>
         <run_address>0x9164</run_address>
         <size>0x288</size>
         <input_file_ref idref="fl-f"/>
      </object_component>
      <object_component id="oc-1c3">
         <name>.debug_info</name>
         <load_address>0x93ec</load_address>
         <run_address>0x93ec</run_address>
         <size>0x28c</size>
         <input_file_ref idref="fl-f"/>
      </object_component>
      <object_component id="oc-15f">
         <name>.debug_info</name>
         <load_address>0x9678</load_address>
         <run_address>0x9678</run_address>
         <size>0x286</size>
         <input_file_ref idref="fl-f"/>
      </object_component>
      <object_component id="oc-c9">
         <name>.debug_info</name>
         <load_address>0x98fe</load_address>
         <run_address>0x98fe</run_address>
         <size>0x2e4</size>
         <input_file_ref idref="fl-f"/>
      </object_component>
      <object_component id="oc-10d">
         <name>.debug_info</name>
         <load_address>0x9be2</load_address>
         <run_address>0x9be2</run_address>
         <size>0x2be</size>
         <input_file_ref idref="fl-f"/>
      </object_component>
      <object_component id="oc-230">
         <name>.debug_info</name>
         <load_address>0x9ea0</load_address>
         <run_address>0x9ea0</run_address>
         <size>0x51</size>
         <input_file_ref idref="fl-f"/>
      </object_component>
      <object_component id="oc-263">
         <name>.debug_info</name>
         <load_address>0x9ef1</load_address>
         <run_address>0x9ef1</run_address>
         <size>0x3cb</size>
         <input_file_ref idref="fl-10"/>
      </object_component>
      <object_component id="oc-1cf">
         <name>.debug_info</name>
         <load_address>0xa2bc</load_address>
         <run_address>0xa2bc</run_address>
         <size>0x250</size>
         <input_file_ref idref="fl-10"/>
      </object_component>
      <object_component id="oc-27a">
         <name>.debug_info</name>
         <load_address>0xa50c</load_address>
         <run_address>0xa50c</run_address>
         <size>0x252</size>
         <input_file_ref idref="fl-10"/>
      </object_component>
      <object_component id="oc-1c9">
         <name>.debug_info</name>
         <load_address>0xa75e</load_address>
         <run_address>0xa75e</run_address>
         <size>0x32f</size>
         <input_file_ref idref="fl-10"/>
      </object_component>
      <object_component id="oc-195">
         <name>.debug_info</name>
         <load_address>0xaa8d</load_address>
         <run_address>0xaa8d</run_address>
         <size>0x29a</size>
         <input_file_ref idref="fl-10"/>
      </object_component>
      <object_component id="oc-1d5">
         <name>.debug_info</name>
         <load_address>0xad27</load_address>
         <run_address>0xad27</run_address>
         <size>0x27c</size>
         <input_file_ref idref="fl-10"/>
      </object_component>
      <object_component id="oc-1db">
         <name>.debug_info</name>
         <load_address>0xafa3</load_address>
         <run_address>0xafa3</run_address>
         <size>0x256</size>
         <input_file_ref idref="fl-10"/>
      </object_component>
      <object_component id="oc-fd">
         <name>.debug_info</name>
         <load_address>0xb1f9</load_address>
         <run_address>0xb1f9</run_address>
         <size>0x13a</size>
         <input_file_ref idref="fl-c7"/>
      </object_component>
      <object_component id="oc-f8">
         <name>.debug_info</name>
         <load_address>0xb333</load_address>
         <run_address>0xb333</run_address>
         <size>0x13a</size>
         <input_file_ref idref="fl-c8"/>
      </object_component>
      <object_component id="oc-104">
         <name>.debug_info</name>
         <load_address>0xb46d</load_address>
         <run_address>0xb46d</run_address>
         <size>0x13e</size>
         <input_file_ref idref="fl-c9"/>
      </object_component>
      <object_component id="oc-f3">
         <name>.debug_info</name>
         <load_address>0xb5ab</load_address>
         <run_address>0xb5ab</run_address>
         <size>0x12e</size>
         <input_file_ref idref="fl-ca"/>
      </object_component>
      <object_component id="oc-1eb">
         <name>.debug_info</name>
         <load_address>0xb6d9</load_address>
         <run_address>0xb6d9</run_address>
         <size>0x142</size>
         <input_file_ref idref="fl-cb"/>
      </object_component>
      <object_component id="oc-8e">
         <name>.debug_info</name>
         <load_address>0xb81b</load_address>
         <run_address>0xb81b</run_address>
         <size>0x2d4</size>
         <input_file_ref idref="fl-cc"/>
      </object_component>
      <object_component id="oc-48">
         <name>.debug_info</name>
         <load_address>0xbaef</load_address>
         <run_address>0xbaef</run_address>
         <size>0x1d2</size>
         <input_file_ref idref="fl-cc"/>
      </object_component>
      <object_component id="oc-89">
         <name>.debug_info</name>
         <load_address>0xbcc1</load_address>
         <run_address>0xbcc1</run_address>
         <size>0x46</size>
         <input_file_ref idref="fl-cc"/>
      </object_component>
      <object_component id="oc-bf">
         <name>.debug_info</name>
         <load_address>0xbd07</load_address>
         <run_address>0xbd07</run_address>
         <size>0x2c</size>
         <input_file_ref idref="fl-cc"/>
      </object_component>
      <object_component id="oc-46">
         <name>.debug_info</name>
         <load_address>0xbd33</load_address>
         <run_address>0xbd33</run_address>
         <size>0x2a8</size>
         <input_file_ref idref="fl-cd"/>
      </object_component>
      <object_component id="oc-1c">
         <name>.debug_info</name>
         <load_address>0xbfdb</load_address>
         <run_address>0xbfdb</run_address>
         <size>0x1ea</size>
         <input_file_ref idref="fl-cd"/>
      </object_component>
      <object_component id="oc-41">
         <name>.debug_info</name>
         <load_address>0xc1c5</load_address>
         <run_address>0xc1c5</run_address>
         <size>0x46</size>
         <input_file_ref idref="fl-cd"/>
      </object_component>
      <object_component id="oc-81">
         <name>.debug_info</name>
         <load_address>0xc20b</load_address>
         <run_address>0xc20b</run_address>
         <size>0x2c</size>
         <input_file_ref idref="fl-cd"/>
      </object_component>
      <object_component id="oc-7f">
         <name>.debug_info</name>
         <load_address>0xc237</load_address>
         <run_address>0xc237</run_address>
         <size>0x29e</size>
         <input_file_ref idref="fl-ce"/>
      </object_component>
      <object_component id="oc-19">
         <name>.debug_info</name>
         <load_address>0xc4d5</load_address>
         <run_address>0xc4d5</run_address>
         <size>0x250</size>
         <input_file_ref idref="fl-ce"/>
      </object_component>
      <object_component id="oc-31">
         <name>.debug_info</name>
         <load_address>0xc725</load_address>
         <run_address>0xc725</run_address>
         <size>0x60</size>
         <input_file_ref idref="fl-ce"/>
      </object_component>
      <object_component id="oc-b8">
         <name>.debug_info</name>
         <load_address>0xc785</load_address>
         <run_address>0xc785</run_address>
         <size>0x46</size>
         <input_file_ref idref="fl-ce"/>
      </object_component>
      <object_component id="oc-7a">
         <name>.debug_info</name>
         <load_address>0xc7cb</load_address>
         <run_address>0xc7cb</run_address>
         <size>0x39</size>
         <input_file_ref idref="fl-ce"/>
      </object_component>
      <object_component id="oc-25">
         <name>.debug_info</name>
         <load_address>0xc804</load_address>
         <run_address>0xc804</run_address>
         <size>0x10b</size>
         <input_file_ref idref="fl-cf"/>
      </object_component>
      <object_component id="oc-5d">
         <name>.debug_info</name>
         <load_address>0xc90f</load_address>
         <run_address>0xc90f</run_address>
         <size>0x1a9</size>
         <input_file_ref idref="fl-cf"/>
      </object_component>
      <object_component id="oc-28c">
         <name>.debug_info</name>
         <load_address>0xcab8</load_address>
         <run_address>0xcab8</run_address>
         <size>0x115</size>
         <input_file_ref idref="fl-d0"/>
      </object_component>
      <object_component id="oc-3c">
         <name>.debug_info</name>
         <load_address>0xcbcd</load_address>
         <run_address>0xcbcd</run_address>
         <size>0x119</size>
         <input_file_ref idref="fl-d1"/>
      </object_component>
      <object_component id="oc-214">
         <name>.debug_info</name>
         <load_address>0xcce6</load_address>
         <run_address>0xcce6</run_address>
         <size>0x4b3</size>
         <input_file_ref idref="fl-d3"/>
      </object_component>
      <object_component id="oc-126">
         <name>.debug_info</name>
         <load_address>0xd199</load_address>
         <run_address>0xd199</run_address>
         <size>0x1a6</size>
         <input_file_ref idref="fl-d3"/>
      </object_component>
      <object_component id="oc-2aa">
         <name>.debug_info</name>
         <load_address>0xd33f</load_address>
         <run_address>0xd33f</run_address>
         <size>0x39</size>
         <input_file_ref idref="fl-d3"/>
      </object_component>
      <object_component id="oc-2d7">
         <name>.debug_info</name>
         <load_address>0xd378</load_address>
         <run_address>0xd378</run_address>
         <size>0x39</size>
         <input_file_ref idref="fl-d3"/>
      </object_component>
      <object_component id="oc-2af">
         <name>.debug_info</name>
         <load_address>0xd3b1</load_address>
         <run_address>0xd3b1</run_address>
         <size>0x39</size>
         <input_file_ref idref="fl-d3"/>
      </object_component>
      <object_component id="oc-2b4">
         <name>.debug_info</name>
         <load_address>0xd3ea</load_address>
         <run_address>0xd3ea</run_address>
         <size>0xcd</size>
         <input_file_ref idref="fl-d3"/>
      </object_component>
      <object_component id="oc-98">
         <name>.debug_info</name>
         <load_address>0xd4b7</load_address>
         <run_address>0xd4b7</run_address>
         <size>0x153</size>
         <input_file_ref idref="fl-d4"/>
      </object_component>
      <object_component id="oc-11a">
         <name>.debug_info</name>
         <load_address>0xd60a</load_address>
         <run_address>0xd60a</run_address>
         <size>0x122</size>
         <input_file_ref idref="fl-d6"/>
      </object_component>
      <object_component id="oc-31c">
         <name>.debug_info</name>
         <load_address>0xd72c</load_address>
         <run_address>0xd72c</run_address>
         <size>0xa1</size>
      </object_component>
      <object_component id="oc-156">
         <name>.debug_line</name>
         <load_address>0x0</load_address>
         <run_address>0x0</run_address>
         <size>0x140</size>
         <input_file_ref idref="fl-2"/>
      </object_component>
      <object_component id="oc-277">
         <name>.debug_line</name>
         <load_address>0x140</load_address>
         <run_address>0x140</run_address>
         <size>0x37</size>
         <input_file_ref idref="fl-2"/>
      </object_component>
      <object_component id="oc-d0">
         <name>.debug_line</name>
         <load_address>0x177</load_address>
         <run_address>0x177</run_address>
         <size>0xcd</size>
         <input_file_ref idref="fl-2"/>
      </object_component>
      <object_component id="oc-73">
         <name>.debug_line</name>
         <load_address>0x244</load_address>
         <run_address>0x244</run_address>
         <size>0x6f</size>
         <input_file_ref idref="fl-2"/>
      </object_component>
      <object_component id="oc-b5">
         <name>.debug_line</name>
         <load_address>0x2b3</load_address>
         <run_address>0x2b3</run_address>
         <size>0x20</size>
         <input_file_ref idref="fl-2"/>
      </object_component>
      <object_component id="oc-b0">
         <name>.debug_line</name>
         <load_address>0x2d3</load_address>
         <run_address>0x2d3</run_address>
         <size>0x73</size>
         <input_file_ref idref="fl-2"/>
      </object_component>
      <object_component id="oc-78">
         <name>.debug_line</name>
         <load_address>0x346</load_address>
         <run_address>0x346</run_address>
         <size>0x70</size>
         <input_file_ref idref="fl-2"/>
      </object_component>
      <object_component id="oc-1f6">
         <name>.debug_line</name>
         <load_address>0x3b6</load_address>
         <run_address>0x3b6</run_address>
         <size>0x6b</size>
         <input_file_ref idref="fl-2"/>
      </object_component>
      <object_component id="oc-208">
         <name>.debug_line</name>
         <load_address>0x421</load_address>
         <run_address>0x421</run_address>
         <size>0x2d</size>
         <input_file_ref idref="fl-3"/>
      </object_component>
      <object_component id="oc-9f">
         <name>.debug_line</name>
         <load_address>0x44e</load_address>
         <run_address>0x44e</run_address>
         <size>0x77</size>
         <input_file_ref idref="fl-3"/>
      </object_component>
      <object_component id="oc-1ba">
         <name>.debug_line</name>
         <load_address>0x4c5</load_address>
         <run_address>0x4c5</run_address>
         <size>0x83</size>
         <input_file_ref idref="fl-4"/>
      </object_component>
      <object_component id="oc-6f">
         <name>.debug_line</name>
         <load_address>0x548</load_address>
         <run_address>0x548</run_address>
         <size>0x41</size>
         <input_file_ref idref="fl-5"/>
      </object_component>
      <object_component id="oc-2e">
         <name>.debug_line</name>
         <load_address>0x589</load_address>
         <run_address>0x589</run_address>
         <size>0x41</size>
         <input_file_ref idref="fl-5"/>
      </object_component>
      <object_component id="oc-29">
         <name>.debug_line</name>
         <load_address>0x5ca</load_address>
         <run_address>0x5ca</run_address>
         <size>0xa1</size>
         <input_file_ref idref="fl-5"/>
      </object_component>
      <object_component id="oc-39">
         <name>.debug_line</name>
         <load_address>0x66b</load_address>
         <run_address>0x66b</run_address>
         <size>0x20</size>
         <input_file_ref idref="fl-5"/>
      </object_component>
      <object_component id="oc-293">
         <name>.debug_line</name>
         <load_address>0x68b</load_address>
         <run_address>0x68b</run_address>
         <size>0x8e</size>
         <input_file_ref idref="fl-6"/>
      </object_component>
      <object_component id="oc-286">
         <name>.debug_line</name>
         <load_address>0x719</load_address>
         <run_address>0x719</run_address>
         <size>0x57</size>
         <input_file_ref idref="fl-6"/>
      </object_component>
      <object_component id="oc-291">
         <name>.debug_line</name>
         <load_address>0x770</load_address>
         <run_address>0x770</run_address>
         <size>0x57</size>
         <input_file_ref idref="fl-6"/>
      </object_component>
      <object_component id="oc-288">
         <name>.debug_line</name>
         <load_address>0x7c7</load_address>
         <run_address>0x7c7</run_address>
         <size>0x57</size>
         <input_file_ref idref="fl-6"/>
      </object_component>
      <object_component id="oc-284">
         <name>.debug_line</name>
         <load_address>0x81e</load_address>
         <run_address>0x81e</run_address>
         <size>0x57</size>
         <input_file_ref idref="fl-6"/>
      </object_component>
      <object_component id="oc-d5">
         <name>.debug_line</name>
         <load_address>0x875</load_address>
         <run_address>0x875</run_address>
         <size>0x29c</size>
         <input_file_ref idref="fl-6"/>
      </object_component>
      <object_component id="oc-295">
         <name>.debug_line</name>
         <load_address>0xb11</load_address>
         <run_address>0xb11</run_address>
         <size>0x82</size>
         <input_file_ref idref="fl-c"/>
      </object_component>
      <object_component id="oc-1ad">
         <name>.debug_line</name>
         <load_address>0xb93</load_address>
         <run_address>0xb93</run_address>
         <size>0xa7</size>
         <input_file_ref idref="fl-c"/>
      </object_component>
      <object_component id="oc-1b3">
         <name>.debug_line</name>
         <load_address>0xc3a</load_address>
         <run_address>0xc3a</run_address>
         <size>0x91</size>
         <input_file_ref idref="fl-c"/>
      </object_component>
      <object_component id="oc-ed">
         <name>.debug_line</name>
         <load_address>0xccb</load_address>
         <run_address>0xccb</run_address>
         <size>0x9c</size>
         <input_file_ref idref="fl-c"/>
      </object_component>
      <object_component id="oc-1a7">
         <name>.debug_line</name>
         <load_address>0xd67</load_address>
         <run_address>0xd67</run_address>
         <size>0xa4</size>
         <input_file_ref idref="fl-c"/>
      </object_component>
      <object_component id="oc-de">
         <name>.debug_line</name>
         <load_address>0xe0b</load_address>
         <run_address>0xe0b</run_address>
         <size>0x91</size>
         <input_file_ref idref="fl-c"/>
      </object_component>
      <object_component id="oc-e4">
         <name>.debug_line</name>
         <load_address>0xe9c</load_address>
         <run_address>0xe9c</run_address>
         <size>0x9b</size>
         <input_file_ref idref="fl-c"/>
      </object_component>
      <object_component id="oc-ea">
         <name>.debug_line</name>
         <load_address>0xf37</load_address>
         <run_address>0xf37</run_address>
         <size>0x91</size>
         <input_file_ref idref="fl-c"/>
      </object_component>
      <object_component id="oc-23c">
         <name>.debug_line</name>
         <load_address>0xfc8</load_address>
         <run_address>0xfc8</run_address>
         <size>0x71</size>
         <input_file_ref idref="fl-c"/>
      </object_component>
      <object_component id="oc-22c">
         <name>.debug_line</name>
         <load_address>0x1039</load_address>
         <run_address>0x1039</run_address>
         <size>0x75</size>
         <input_file_ref idref="fl-c"/>
      </object_component>
      <object_component id="oc-237">
         <name>.debug_line</name>
         <load_address>0x10ae</load_address>
         <run_address>0x10ae</run_address>
         <size>0x71</size>
         <input_file_ref idref="fl-c"/>
      </object_component>
      <object_component id="oc-15b">
         <name>.debug_line</name>
         <load_address>0x111f</load_address>
         <run_address>0x111f</run_address>
         <size>0x72</size>
         <input_file_ref idref="fl-c"/>
      </object_component>
      <object_component id="oc-297">
         <name>.debug_line</name>
         <load_address>0x1191</load_address>
         <run_address>0x1191</run_address>
         <size>0x82</size>
         <input_file_ref idref="fl-d"/>
      </object_component>
      <object_component id="oc-2e4">
         <name>.debug_line</name>
         <load_address>0x1213</load_address>
         <run_address>0x1213</run_address>
         <size>0x7d</size>
         <input_file_ref idref="fl-d"/>
      </object_component>
      <object_component id="oc-2e6">
         <name>.debug_line</name>
         <load_address>0x1290</load_address>
         <run_address>0x1290</run_address>
         <size>0x7d</size>
         <input_file_ref idref="fl-d"/>
      </object_component>
      <object_component id="oc-2cd">
         <name>.debug_line</name>
         <load_address>0x130d</load_address>
         <run_address>0x130d</run_address>
         <size>0x7d</size>
         <input_file_ref idref="fl-d"/>
      </object_component>
      <object_component id="oc-10a">
         <name>.debug_line</name>
         <load_address>0x138a</load_address>
         <run_address>0x138a</run_address>
         <size>0x92</size>
         <input_file_ref idref="fl-d"/>
      </object_component>
      <object_component id="oc-244">
         <name>.debug_line</name>
         <load_address>0x141c</load_address>
         <run_address>0x141c</run_address>
         <size>0x95</size>
         <input_file_ref idref="fl-d"/>
      </object_component>
      <object_component id="oc-17a">
         <name>.debug_line</name>
         <load_address>0x14b1</load_address>
         <run_address>0x14b1</run_address>
         <size>0xc4</size>
         <input_file_ref idref="fl-d"/>
      </object_component>
      <object_component id="oc-19e">
         <name>.debug_line</name>
         <load_address>0x1575</load_address>
         <run_address>0x1575</run_address>
         <size>0x99</size>
         <input_file_ref idref="fl-d"/>
      </object_component>
      <object_component id="oc-16e">
         <name>.debug_line</name>
         <load_address>0x160e</load_address>
         <run_address>0x160e</run_address>
         <size>0x99</size>
         <input_file_ref idref="fl-d"/>
      </object_component>
      <object_component id="oc-174">
         <name>.debug_line</name>
         <load_address>0x16a7</load_address>
         <run_address>0x16a7</run_address>
         <size>0x99</size>
         <input_file_ref idref="fl-d"/>
      </object_component>
      <object_component id="oc-1a4">
         <name>.debug_line</name>
         <load_address>0x1740</load_address>
         <run_address>0x1740</run_address>
         <size>0x99</size>
         <input_file_ref idref="fl-d"/>
      </object_component>
      <object_component id="oc-192">
         <name>.debug_line</name>
         <load_address>0x17d9</load_address>
         <run_address>0x17d9</run_address>
         <size>0xa7</size>
         <input_file_ref idref="fl-d"/>
      </object_component>
      <object_component id="oc-24e">
         <name>.debug_line</name>
         <load_address>0x1880</load_address>
         <run_address>0x1880</run_address>
         <size>0xa6</size>
         <input_file_ref idref="fl-d"/>
      </object_component>
      <object_component id="oc-180">
         <name>.debug_line</name>
         <load_address>0x1926</load_address>
         <run_address>0x1926</run_address>
         <size>0x95</size>
         <input_file_ref idref="fl-d"/>
      </object_component>
      <object_component id="oc-26a">
         <name>.debug_line</name>
         <load_address>0x19bb</load_address>
         <run_address>0x19bb</run_address>
         <size>0x92</size>
         <input_file_ref idref="fl-d"/>
      </object_component>
      <object_component id="oc-183">
         <name>.debug_line</name>
         <load_address>0x1a4d</load_address>
         <run_address>0x1a4d</run_address>
         <size>0x99</size>
         <input_file_ref idref="fl-d"/>
      </object_component>
      <object_component id="oc-189">
         <name>.debug_line</name>
         <load_address>0x1ae6</load_address>
         <run_address>0x1ae6</run_address>
         <size>0x92</size>
         <input_file_ref idref="fl-d"/>
      </object_component>
      <object_component id="oc-273">
         <name>.debug_line</name>
         <load_address>0x1b78</load_address>
         <run_address>0x1b78</run_address>
         <size>0x92</size>
         <input_file_ref idref="fl-d"/>
      </object_component>
      <object_component id="oc-2ea">
         <name>.debug_line</name>
         <load_address>0x1c0a</load_address>
         <run_address>0x1c0a</run_address>
         <size>0x7c</size>
         <input_file_ref idref="fl-e"/>
      </object_component>
      <object_component id="oc-2ec">
         <name>.debug_line</name>
         <load_address>0x1c86</load_address>
         <run_address>0x1c86</run_address>
         <size>0x82</size>
         <input_file_ref idref="fl-e"/>
      </object_component>
      <object_component id="oc-2e8">
         <name>.debug_line</name>
         <load_address>0x1d08</load_address>
         <run_address>0x1d08</run_address>
         <size>0x82</size>
         <input_file_ref idref="fl-e"/>
      </object_component>
      <object_component id="oc-254">
         <name>.debug_line</name>
         <load_address>0x1d8a</load_address>
         <run_address>0x1d8a</run_address>
         <size>0xaf</size>
         <input_file_ref idref="fl-e"/>
      </object_component>
      <object_component id="oc-25b">
         <name>.debug_line</name>
         <load_address>0x1e39</load_address>
         <run_address>0x1e39</run_address>
         <size>0xc2</size>
         <input_file_ref idref="fl-e"/>
      </object_component>
      <object_component id="oc-22f">
         <name>.debug_line</name>
         <load_address>0x1efb</load_address>
         <run_address>0x1efb</run_address>
         <size>0x13d</size>
         <input_file_ref idref="fl-f"/>
      </object_component>
      <object_component id="oc-299">
         <name>.debug_line</name>
         <load_address>0x2038</load_address>
         <run_address>0x2038</run_address>
         <size>0x7f</size>
         <input_file_ref idref="fl-f"/>
      </object_component>
      <object_component id="oc-168">
         <name>.debug_line</name>
         <load_address>0x20b7</load_address>
         <run_address>0x20b7</run_address>
         <size>0x94</size>
         <input_file_ref idref="fl-f"/>
      </object_component>
      <object_component id="oc-1c6">
         <name>.debug_line</name>
         <load_address>0x214b</load_address>
         <run_address>0x214b</run_address>
         <size>0x94</size>
         <input_file_ref idref="fl-f"/>
      </object_component>
      <object_component id="oc-162">
         <name>.debug_line</name>
         <load_address>0x21df</load_address>
         <run_address>0x21df</run_address>
         <size>0x94</size>
         <input_file_ref idref="fl-f"/>
      </object_component>
      <object_component id="oc-cc">
         <name>.debug_line</name>
         <load_address>0x2273</load_address>
         <run_address>0x2273</run_address>
         <size>0xee</size>
         <input_file_ref idref="fl-f"/>
      </object_component>
      <object_component id="oc-110">
         <name>.debug_line</name>
         <load_address>0x2361</load_address>
         <run_address>0x2361</run_address>
         <size>0x118</size>
         <input_file_ref idref="fl-f"/>
      </object_component>
      <object_component id="oc-232">
         <name>.debug_line</name>
         <load_address>0x2479</load_address>
         <run_address>0x2479</run_address>
         <size>0x7f</size>
         <input_file_ref idref="fl-f"/>
      </object_component>
      <object_component id="oc-2cf">
         <name>.debug_line</name>
         <load_address>0x24f8</load_address>
         <run_address>0x24f8</run_address>
         <size>0x82</size>
         <input_file_ref idref="fl-10"/>
      </object_component>
      <object_component id="oc-1d3">
         <name>.debug_line</name>
         <load_address>0x257a</load_address>
         <run_address>0x257a</run_address>
         <size>0x93</size>
         <input_file_ref idref="fl-10"/>
      </object_component>
      <object_component id="oc-27e">
         <name>.debug_line</name>
         <load_address>0x260d</load_address>
         <run_address>0x260d</run_address>
         <size>0x96</size>
         <input_file_ref idref="fl-10"/>
      </object_component>
      <object_component id="oc-1cc">
         <name>.debug_line</name>
         <load_address>0x26a3</load_address>
         <run_address>0x26a3</run_address>
         <size>0xb3</size>
         <input_file_ref idref="fl-10"/>
      </object_component>
      <object_component id="oc-198">
         <name>.debug_line</name>
         <load_address>0x2756</load_address>
         <run_address>0x2756</run_address>
         <size>0x92</size>
         <input_file_ref idref="fl-10"/>
      </object_component>
      <object_component id="oc-1d8">
         <name>.debug_line</name>
         <load_address>0x27e8</load_address>
         <run_address>0x27e8</run_address>
         <size>0x93</size>
         <input_file_ref idref="fl-10"/>
      </object_component>
      <object_component id="oc-1de">
         <name>.debug_line</name>
         <load_address>0x287b</load_address>
         <run_address>0x287b</run_address>
         <size>0x93</size>
         <input_file_ref idref="fl-10"/>
      </object_component>
      <object_component id="oc-100">
         <name>.debug_line</name>
         <load_address>0x290e</load_address>
         <run_address>0x290e</run_address>
         <size>0xa8</size>
         <input_file_ref idref="fl-c7"/>
      </object_component>
      <object_component id="oc-fb">
         <name>.debug_line</name>
         <load_address>0x29b6</load_address>
         <run_address>0x29b6</run_address>
         <size>0x8e</size>
         <input_file_ref idref="fl-c8"/>
      </object_component>
      <object_component id="oc-102">
         <name>.debug_line</name>
         <load_address>0x2a44</load_address>
         <run_address>0x2a44</run_address>
         <size>0x67</size>
         <input_file_ref idref="fl-c9"/>
      </object_component>
      <object_component id="oc-f6">
         <name>.debug_line</name>
         <load_address>0x2aab</load_address>
         <run_address>0x2aab</run_address>
         <size>0x4c</size>
         <input_file_ref idref="fl-ca"/>
      </object_component>
      <object_component id="oc-1ed">
         <name>.debug_line</name>
         <load_address>0x2af7</load_address>
         <run_address>0x2af7</run_address>
         <size>0x5b</size>
         <input_file_ref idref="fl-cb"/>
      </object_component>
      <object_component id="oc-c5">
         <name>.debug_line</name>
         <load_address>0x2b52</load_address>
         <run_address>0x2b52</run_address>
         <size>0x92</size>
         <input_file_ref idref="fl-cc"/>
      </object_component>
      <object_component id="oc-4b">
         <name>.debug_line</name>
         <load_address>0x2be4</load_address>
         <run_address>0x2be4</run_address>
         <size>0x4c</size>
         <input_file_ref idref="fl-cc"/>
      </object_component>
      <object_component id="oc-8c">
         <name>.debug_line</name>
         <load_address>0x2c30</load_address>
         <run_address>0x2c30</run_address>
         <size>0x34</size>
         <input_file_ref idref="fl-cc"/>
      </object_component>
      <object_component id="oc-c2">
         <name>.debug_line</name>
         <load_address>0x2c64</load_address>
         <run_address>0x2c64</run_address>
         <size>0x92</size>
         <input_file_ref idref="fl-cc"/>
      </object_component>
      <object_component id="oc-87">
         <name>.debug_line</name>
         <load_address>0x2cf6</load_address>
         <run_address>0x2cf6</run_address>
         <size>0x20</size>
         <input_file_ref idref="fl-cd"/>
      </object_component>
      <object_component id="oc-1f">
         <name>.debug_line</name>
         <load_address>0x2d16</load_address>
         <run_address>0x2d16</run_address>
         <size>0x55</size>
         <input_file_ref idref="fl-cd"/>
      </object_component>
      <object_component id="oc-44">
         <name>.debug_line</name>
         <load_address>0x2d6b</load_address>
         <run_address>0x2d6b</run_address>
         <size>0x3a</size>
         <input_file_ref idref="fl-cd"/>
      </object_component>
      <object_component id="oc-84">
         <name>.debug_line</name>
         <load_address>0x2da5</load_address>
         <run_address>0x2da5</run_address>
         <size>0x92</size>
         <input_file_ref idref="fl-cd"/>
      </object_component>
      <object_component id="oc-be">
         <name>.debug_line</name>
         <load_address>0x2e37</load_address>
         <run_address>0x2e37</run_address>
         <size>0x20</size>
         <input_file_ref idref="fl-ce"/>
      </object_component>
      <object_component id="oc-18">
         <name>.debug_line</name>
         <load_address>0x2e57</load_address>
         <run_address>0x2e57</run_address>
         <size>0xa9</size>
         <input_file_ref idref="fl-ce"/>
      </object_component>
      <object_component id="oc-34">
         <name>.debug_line</name>
         <load_address>0x2f00</load_address>
         <run_address>0x2f00</run_address>
         <size>0x3a</size>
         <input_file_ref idref="fl-ce"/>
      </object_component>
      <object_component id="oc-bb">
         <name>.debug_line</name>
         <load_address>0x2f3a</load_address>
         <run_address>0x2f3a</run_address>
         <size>0x9a</size>
         <input_file_ref idref="fl-ce"/>
      </object_component>
      <object_component id="oc-7d">
         <name>.debug_line</name>
         <load_address>0x2fd4</load_address>
         <run_address>0x2fd4</run_address>
         <size>0x96</size>
         <input_file_ref idref="fl-ce"/>
      </object_component>
      <object_component id="oc-6c">
         <name>.debug_line</name>
         <load_address>0x306a</load_address>
         <run_address>0x306a</run_address>
         <size>0x33</size>
         <input_file_ref idref="fl-cf"/>
      </object_component>
      <object_component id="oc-5b">
         <name>.debug_line</name>
         <load_address>0x309d</load_address>
         <run_address>0x309d</run_address>
         <size>0x45</size>
         <input_file_ref idref="fl-cf"/>
      </object_component>
      <object_component id="oc-28a">
         <name>.debug_line</name>
         <load_address>0x30e2</load_address>
         <run_address>0x30e2</run_address>
         <size>0x37</size>
         <input_file_ref idref="fl-d0"/>
      </object_component>
      <object_component id="oc-3f">
         <name>.debug_line</name>
         <load_address>0x3119</load_address>
         <run_address>0x3119</run_address>
         <size>0x88</size>
         <input_file_ref idref="fl-d1"/>
      </object_component>
      <object_component id="oc-2a9">
         <name>.debug_line</name>
         <load_address>0x31a1</load_address>
         <run_address>0x31a1</run_address>
         <size>0xbf</size>
         <input_file_ref idref="fl-d3"/>
      </object_component>
      <object_component id="oc-125">
         <name>.debug_line</name>
         <load_address>0x3260</load_address>
         <run_address>0x3260</run_address>
         <size>0x6f</size>
         <input_file_ref idref="fl-d3"/>
      </object_component>
      <object_component id="oc-2ad">
         <name>.debug_line</name>
         <load_address>0x32cf</load_address>
         <run_address>0x32cf</run_address>
         <size>0x2e</size>
         <input_file_ref idref="fl-d3"/>
      </object_component>
      <object_component id="oc-2da">
         <name>.debug_line</name>
         <load_address>0x32fd</load_address>
         <run_address>0x32fd</run_address>
         <size>0x9a</size>
         <input_file_ref idref="fl-d3"/>
      </object_component>
      <object_component id="oc-2b2">
         <name>.debug_line</name>
         <load_address>0x3397</load_address>
         <run_address>0x3397</run_address>
         <size>0x97</size>
         <input_file_ref idref="fl-d3"/>
      </object_component>
      <object_component id="oc-2b7">
         <name>.debug_line</name>
         <load_address>0x342e</load_address>
         <run_address>0x342e</run_address>
         <size>0x93</size>
         <input_file_ref idref="fl-d3"/>
      </object_component>
      <object_component id="oc-96">
         <name>.debug_line</name>
         <load_address>0x34c1</load_address>
         <run_address>0x34c1</run_address>
         <size>0x40</size>
         <input_file_ref idref="fl-d4"/>
      </object_component>
      <object_component id="oc-119">
         <name>.debug_line</name>
         <load_address>0x3501</load_address>
         <run_address>0x3501</run_address>
         <size>0x3c</size>
         <input_file_ref idref="fl-d6"/>
      </object_component>
      <object_component id="oc-cf">
         <name>.debug_frame</name>
         <load_address>0x0</load_address>
         <run_address>0x0</run_address>
         <size>0xa8</size>
         <input_file_ref idref="fl-2"/>
      </object_component>
      <object_component id="oc-a0">
         <name>.debug_frame</name>
         <load_address>0xa8</load_address>
         <run_address>0xa8</run_address>
         <size>0x60</size>
         <input_file_ref idref="fl-3"/>
      </object_component>
      <object_component id="oc-1b9">
         <name>.debug_frame</name>
         <load_address>0x108</load_address>
         <run_address>0x108</run_address>
         <size>0x70</size>
         <input_file_ref idref="fl-4"/>
      </object_component>
      <object_component id="oc-28">
         <name>.debug_frame</name>
         <load_address>0x178</load_address>
         <run_address>0x178</run_address>
         <size>0x90</size>
         <input_file_ref idref="fl-5"/>
      </object_component>
      <object_component id="oc-d9">
         <name>.debug_frame</name>
         <load_address>0x208</load_address>
         <run_address>0x208</run_address>
         <size>0x100</size>
         <input_file_ref idref="fl-6"/>
      </object_component>
      <object_component id="oc-1b1">
         <name>.debug_frame</name>
         <load_address>0x308</load_address>
         <run_address>0x308</run_address>
         <size>0x5c</size>
         <input_file_ref idref="fl-c"/>
      </object_component>
      <object_component id="oc-1b7">
         <name>.debug_frame</name>
         <load_address>0x364</load_address>
         <run_address>0x364</run_address>
         <size>0x54</size>
         <input_file_ref idref="fl-c"/>
      </object_component>
      <object_component id="oc-f1">
         <name>.debug_frame</name>
         <load_address>0x3b8</load_address>
         <run_address>0x3b8</run_address>
         <size>0x54</size>
         <input_file_ref idref="fl-c"/>
      </object_component>
      <object_component id="oc-1ab">
         <name>.debug_frame</name>
         <load_address>0x40c</load_address>
         <run_address>0x40c</run_address>
         <size>0x60</size>
         <input_file_ref idref="fl-c"/>
      </object_component>
      <object_component id="oc-df">
         <name>.debug_frame</name>
         <load_address>0x46c</load_address>
[...]
            <object_component_ref idref="oc-23a"/>
            <object_component_ref idref="oc-22a"/>
            <object_component_ref idref="oc-235"/>
            <object_component_ref idref="oc-159"/>
            <object_component_ref idref="oc-8a"/>
            <object_component_ref idref="oc-c0"/>
            <object_component_ref idref="oc-42"/>
            <object_component_ref idref="oc-82"/>
            <object_component_ref idref="oc-32"/>
            <object_component_ref idref="oc-b9"/>
            <object_component_ref idref="oc-7b"/>
            <object_component_ref idref="oc-2ab"/>
            <object_component_ref idref="oc-2d8"/>
            <object_component_ref idref="oc-2b0"/>
            <object_component_ref idref="oc-2b5"/>
         </contents>
      </logical_group>
      <logical_group id="lg-31a" display="no" color="cyan">
         <name>Veneer$$CMSE</name>
         <run_address>0x0</run_address>
         <size>0x0</size>
         <contents>
         </contents>
      </logical_group>
      <load_segment id="lg-323" display="no" color="cyan">
         <name>SEGMENT_0</name>
         <load_address>0x0</load_address>
         <run_address>0x0</run_address>
         <size>0x1bb0</size>
         <flags>0x5</flags>
         <contents>
            <logical_group_ref idref="lg-3"/>
            <logical_group_ref idref="lg-4"/>
            <logical_group_ref idref="lg-5"/>
            <logical_group_ref idref="lg-6"/>
         </contents>
      </load_segment>
      <load_segment id="lg-324" display="no" color="cyan">
         <name>SEGMENT_1</name>
         <run_address>0x20000000</run_address>
         <size>0x488</size>
         <flags>0x6</flags>
         <contents>
            <logical_group_ref idref="lg-9"/>
            <logical_group_ref idref="lg-d"/>
            <logical_group_ref idref="lg-a"/>
         </contents>
      </load_segment>
   </logical_group_list>
   <placement_map>
      <memory_area display="yes" color="green">
         <name>FLASH</name>
         <page_id>0x0</page_id>
         <origin>0x0</origin>
         <length>0x40000</length>
         <used_space>0x1bae</used_space>
         <unused_space>0x3e452</unused_space>
         <attributes>RX</attributes>
         <usage_details>
            <allocated_space>
               <start_address>0x0</start_address>
               <size>0x26c</size>
               <logical_group_ref idref="lg-3"/>
            </allocated_space>
            <allocated_space>
               <start_address>0x26c</start_address>
               <size>0x163a</size>
               <logical_group_ref idref="lg-4"/>
            </allocated_space>
            <available_space>
               <start_address>0x18a6</start_address>
               <size>0x2</size>
            </available_space>
            <allocated_space>
               <start_address>0x18a8</start_address>
               <size>0x2d8</size>
               <logical_group_ref idref="lg-5"/>
            </allocated_space>
            <allocated_space>
               <start_address>0x1b80</start_address>
               <size>0x30</size>
               <logical_group_ref idref="lg-6"/>
            </allocated_space>
            <available_space>
               <start_address>0x1bb0</start_address>
               <size>0x3e450</size>
            </available_space>
         </usage_details>
      </memory_area>
      <memory_area display="yes" color="green">
         <name>SRAM</name>
         <page_id>0x0</page_id>
         <origin>0x20000000</origin>
         <length>0x8000</length>
         <used_space>0x484</used_space>
         <unused_space>0x7b7c</unused_space>
         <attributes>RWX</attributes>
         <usage_details>
            <allocated_space>
               <start_address>0x20000000</start_address>
               <size>0x0</size>
               <logical_group_ref idref="lg-2ef"/>
            </allocated_space>
            <allocated_space>
               <start_address>0x20000000</start_address>
               <size>0x26c</size>
               <logical_group_ref idref="lg-9"/>
            </allocated_space>
            <available_space>
               <start_address>0x2000026c</start_address>
               <size>0x4</size>
            </available_space>
            <allocated_space>
               <start_address>0x20000270</start_address>
               <size>0x200</size>
               <logical_group_ref idref="lg-d"/>
            </allocated_space>
            <allocated_space>
               <start_address>0x20000470</start_address>
               <size>0x18</size>
               <logical_group_ref idref="lg-a"/>
            </allocated_space>
            <available_space>
               <start_address>0x20000488</start_address>
               <size>0x7b78</size>
            </available_space>
         </usage_details>
      </memory_area>
   </placement_map>
   <cptbl_list>
      <cptbl>
         <name>__TI_cinit_table</name>
         <cprec>
            <name>.data</name>
            <load_address>0x1b8c</load_address>
            <load_size>0xb</load_size>
            <run_address>0x20000470</run_address>
            <run_size>0x18</run_size>
            <compression>lzss</compression>
         </cprec>
         <cprec>
            <name>.vtable</name>
            <load_address>0x1b98</load_address>
            <load_size>0x8</load_size>
            <run_address>0x20000000</run_address>
            <run_size>0x26c</run_size>
            <compression>zero_init</compression>
         </cprec>
      </cptbl>
   </cptbl_list>
   <handler_table>
      <handler_table_name>__TI_handler_table</handler_table_name>
      <handler>
         <index>0x0</index>
         <name>__TI_zero_init</name>
      </handler>
      <handler>
         <index>0x1</index>
         <name>__TI_decompress_lzss</name>
      </handler>
      <handler>
         <index>0x2</index>
         <name>__TI_decompress_none</name>
      </handler>
   </handler_table>
   <symbol_table>
      <symbol id="sm-1">
         <name>__STACK_TOP</name>
         <value>0x20000470</value>
      </symbol>
      <symbol id="sm-2">
         <name>__start___llvm_prf_cnts</name>
         <value>0x20000000</value>
      </symbol>
      <symbol id="sm-3">
         <name>__stop___llvm_prf_cnts</name>
         <value>0x20000000</value>
      </symbol>
      <symbol id="sm-4">
         <name>__TI_CINIT_Base</name>
         <value>0x1ba0</value>
      </symbol>
      <symbol id="sm-5">
         <name>__TI_CINIT_Limit</name>
         <value>0x1bb0</value>
      </symbol>
      <symbol id="sm-6">
         <name>__TI_Handler_Table_Base</name>
         <value>0x1b80</value>
      </symbol>
      <symbol id="sm-7">
         <name>__TI_Handler_Table_Limit</name>
         <value>0x1b8c</value>
      </symbol>
      <symbol id="sm-8">
         <name>binit</name>
         <value>0xffffffff</value>
      </symbol>
      <symbol id="sm-9">
         <name>__binit__</name>
         <value>0xffffffff</value>
      </symbol>
      <symbol id="sm-a">
         <name>__STACK_SIZE</name>
         <value>0x200</value>
      </symbol>
      <symbol id="sm-b">
         <name>__STACK_END</name>
         <value>0x20000470</value>
      </symbol>
      <symbol id="sm-c">
         <name>__c_args__</name>
         <value>0xffffffff</value>
      </symbol>
      <symbol id="sm-d">
         <name>__TI_pprof_out_hndl</name>
         <value>0xffffffff</value>
      </symbol>
      <symbol id="sm-e">
         <name>__TI_prof_data_start</name>
         <value>0xffffffff</value>
      </symbol>
      <symbol id="sm-f">
         <name>__TI_prof_data_size</name>
         <value>0xffffffff</value>
      </symbol>
      <symbol id="sm-73">
         <name>ADCInitComplete</name>
         <value>0x20000470</value>
         <object_component_ref idref="oc-1be"/>
      </symbol>
      <symbol id="sm-74">
         <name>InitializationCheck</name>
         <value>0x86f</value>
         <object_component_ref idref="oc-ce"/>
      </symbol>
      <symbol id="sm-75">
         <name>ConsoleInitComplete</name>
         <value>0x20000474</value>
         <object_component_ref idref="oc-1be"/>
      </symbol>
      <symbol id="sm-76">
         <name>GPIOInitComplete</name>
         <value>0x20000478</value>
         <object_component_ref idref="oc-1be"/>
      </symbol>
      <symbol id="sm-77">
         <name>InitConsole</name>
         <value>0x7bf</value>
         <object_component_ref idref="oc-ce"/>
      </symbol>
      <symbol id="sm-78">
         <name>ADCInit</name>
         <value>0x811</value>
         <object_component_ref idref="oc-ce"/>
      </symbol>
      <symbol id="sm-79">
         <name>InitGPIO</name>
         <value>0x715</value>
         <object_component_ref idref="oc-ce"/>
      </symbol>
      <symbol id="sm-99">
         <name>alert</name>
         <value>0x20000484</value>
         <object_component_ref idref="oc-113"/>
      </symbol>
      <symbol id="sm-9a">
         <name>main</name>
         <value>0x921</value>
         <object_component_ref idref="oc-9b"/>
      </symbol>
      <symbol id="sm-b3">
         <name>IntPortBHandler</name>
         <value>0xe97</value>
         <object_component_ref idref="oc-1b8"/>
      </symbol>
      <symbol id="sm-b4">
         <name>IntPortFHandler</name>
         <value>0xe55</value>
         <object_component_ref idref="oc-1b8"/>
      </symbol>
      <symbol id="sm-d5">
         <name>ResetISR</name>
         <value>0x185d</value>
         <object_component_ref idref="oc-27"/>
      </symbol>
      <symbol id="sm-d6">
         <name>g_pfnVectors</name>
         <value>0x0</value>
         <object_component_ref idref="oc-12"/>
      </symbol>
      <symbol id="sm-146">
         <name>UARTgetc</name>
         <value>0x3bd</value>
         <object_component_ref idref="oc-d4"/>
      </symbol>
      <symbol id="sm-147">
         <name>UARTgets</name>
         <value>0x303</value>
         <object_component_ref idref="oc-d4"/>
      </symbol>
      <symbol id="sm-148">
         <name>UARTStdioConfig</name>
         <value>0x26d</value>
         <object_component_ref idref="oc-d4"/>
      </symbol>
      <symbol id="sm-149">
         <name>UARTwrite</name>
         <value>0x2b3</value>
         <object_component_ref idref="oc-d4"/>
      </symbol>
      <symbol id="sm-14a">
         <name>UARTprintf</name>
         <value>0x6df</value>
         <object_component_ref idref="oc-d4"/>
      </symbol>
      <symbol id="sm-14b">
         <name>UARTvprintf</name>
         <value>0x3e5</value>
         <object_component_ref idref="oc-d4"/>
      </symbol>
      <symbol id="sm-1a4">
         <name>ADCProcessorTrigger</name>
         <value>0x17a1</value>
         <object_component_ref idref="oc-da"/>
      </symbol>
      <symbol id="sm-1a5">
         <name>ADCSequenceEnable</name>
         <value>0x1827</value>
         <object_component_ref idref="oc-1b2"/>
      </symbol>
      <symbol id="sm-1a6">
         <name>ADCSequenceConfigure</name>
         <value>0x13f9</value>
         <object_component_ref idref="oc-1a6"/>
      </symbol>
      <symbol id="sm-1a7">
         <name>ADCSequenceStepConfigure</name>
         <value>0x11e9</value>
         <object_component_ref idref="oc-1ac"/>
      </symbol>
      <symbol id="sm-1a8">
         <name>ADCIntClear</name>
         <value>0x1869</value>
         <object_component_ref idref="oc-e6"/>
      </symbol>
      <symbol id="sm-1a9">
         <name>ADCIntStatus</name>
         <value>0x16b1</value>
         <object_component_ref idref="oc-e0"/>
      </symbol>
      <symbol id="sm-1aa">
         <name>ADCSequenceDataGet</name>
         <value>0x174d</value>
         <object_component_ref idref="oc-ec"/>
      </symbol>
      <symbol id="sm-24b">
         <name>GPIOIntRegister</name>
         <value>0x17b9</value>
         <object_component_ref idref="oc-182"/>
      </symbol>
      <symbol id="sm-24c">
         <name>GPIOPinConfigure</name>
         <value>0x1449</value>
         <object_component_ref idref="oc-18e"/>
      </symbol>
      <symbol id="sm-24d">
         <name>GPIOIntEnable</name>
         <value>0x1851</value>
         <object_component_ref idref="oc-188"/>
      </symbol>
      <symbol id="sm-24e">
         <name>GPIOIntTypeSet</name>
         <value>0x13a1</value>
         <object_component_ref idref="oc-17c"/>
      </symbol>
      <symbol id="sm-24f">
         <name>GPIOPinTypeADC</name>
         <value>0x17d1</value>
         <object_component_ref idref="oc-1a0"/>
      </symbol>
      <symbol id="sm-250">
         <name>GPIOPinTypeGPIOInput</name>
         <value>0x17e7</value>
         <object_component_ref idref="oc-170"/>
      </symbol>
      <symbol id="sm-251">
         <name>GPIOIntClear</name>
         <value>0x1887</value>
         <object_component_ref idref="oc-26f"/>
      </symbol>
      <symbol id="sm-252">
         <name>GPIOPinTypeUART</name>
         <value>0x17fd</value>
         <object_component_ref idref="oc-19a"/>
      </symbol>
      <symbol id="sm-253">
         <name>GPIOIntStatus</name>
         <value>0x1835</value>
         <object_component_ref idref="oc-269"/>
      </symbol>
      <symbol id="sm-254">
         <name>GPIOPinTypeGPIOOutput</name>
         <value>0x1787</value>
         <object_component_ref idref="oc-16a"/>
      </symbol>
      <symbol id="sm-255">
         <name>GPIODirModeSet</name>
         <value>0x16df</value>
         <object_component_ref idref="oc-240"/>
      </symbol>
      <symbol id="sm-256">
         <name>GPIOPinWrite</name>
         <value>0x188d</value>
         <object_component_ref idref="oc-106"/>
      </symbol>
      <symbol id="sm-257">
         <name>GPIOPadConfigSet</name>
         <value>0xa99</value>
         <object_component_ref idref="oc-176"/>
      </symbol>
      <symbol id="sm-288">
         <name>IntEnable</name>
         <value>0x12d1</value>
         <object_component_ref idref="oc-256"/>
      </symbol>
      <symbol id="sm-289">
         <name>IntRegister</name>
         <value>0x1615</value>
         <object_component_ref idref="oc-250"/>
      </symbol>
      <symbol id="sm-28a">
         <name>g_pfnRAMVectors</name>
         <value>0x20000000</value>
         <object_component_ref idref="oc-2c3"/>
      </symbol>
      <symbol id="sm-2f3">
         <name>SysCtlPeripheralPresent</name>
         <value>0x15a5</value>
         <object_component_ref idref="oc-1c2"/>
      </symbol>
      <symbol id="sm-2f4">
         <name>SysCtlClockSet</name>
         <value>0x1059</value>
         <object_component_ref idref="oc-c8"/>
      </symbol>
      <symbol id="sm-2f5">
         <name>SysCtlDelay</name>
         <value>0x1893</value>
         <object_component_ref idref="oc-112"/>
      </symbol>
      <symbol id="sm-2f6">
         <name>SysCtlPeripheralEnable</name>
         <value>0x1649</value>
         <object_component_ref idref="oc-15e"/>
      </symbol>
      <symbol id="sm-2f7">
         <name>SysCtlClockGet</name>
         <value>0xd3d</value>
         <object_component_ref idref="oc-10c"/>
      </symbol>
      <symbol id="sm-2f8">
         <name>SysCtlPeripheralReady</name>
         <value>0x15dd</value>
         <object_component_ref idref="oc-164"/>
      </symbol>
      <symbol id="sm-333">
         <name>UARTConfigSetExpClk</name>
         <value>0x1495</value>
         <object_component_ref idref="oc-1c8"/>
      </symbol>
      <symbol id="sm-334">
         <name>UARTDisable</name>
         <value>0x170d</value>
         <object_component_ref idref="oc-279"/>
      </symbol>
      <symbol id="sm-335">
         <name>UARTClockSourceSet</name>
         <value>0x1899</value>
         <object_component_ref idref="oc-194"/>
      </symbol>
      <symbol id="sm-336">
         <name>UARTCharPut</name>
         <value>0x187d</value>
         <object_component_ref idref="oc-1d4"/>
      </symbol>
      <symbol id="sm-337">
         <name>UARTEnable</name>
         <value>0x1813</value>
         <object_component_ref idref="oc-1ce"/>
      </symbol>
      <symbol id="sm-338">
         <name>UARTCharGet</name>
         <value>0x1873</value>
         <object_component_ref idref="oc-1da"/>
      </symbol>
      <symbol id="sm-34d">
         <name>__aeabi_ddiv</name>
         <value>0xc05</value>
         <object_component_ref idref="oc-fc"/>
      </symbol>
      <symbol id="sm-358">
         <name>__aeabi_dmul</name>
         <value>0xf5d</value>
         <object_component_ref idref="oc-f7"/>
      </symbol>
      <symbol id="sm-364">
         <name>__aeabi_d2f</name>
         <value>0x1263</value>
         <object_component_ref idref="oc-101"/>
      </symbol>
      <symbol id="sm-36e">
         <name>__aeabi_ui2d</name>
         <value>0x172d</value>
         <object_component_ref idref="oc-f2"/>
      </symbol>
      <symbol id="sm-37d">
         <name>__aeabi_uidivmod</name>
         <value>0x1565</value>
         <object_component_ref idref="oc-1e9"/>
      </symbol>
      <symbol id="sm-37e">
         <name>__aeabi_uidiv</name>
         <value>0x1565</value>
         <object_component_ref idref="oc-1e9"/>
      </symbol>
      <symbol id="sm-397">
         <name>__TI_zero_init_nomemset</name>
         <value>0x176b</value>
         <object_component_ref idref="oc-47"/>
      </symbol>
      <symbol id="sm-3ae">
         <name>__TI_decompress_none</name>
         <value>0x1843</value>
         <object_component_ref idref="oc-1b"/>
      </symbol>
      <symbol id="sm-3d1">
         <name>__TI_decompress_lzss</name>
         <value>0x1339</value>
         <object_component_ref idref="oc-15"/>
      </symbol>
      <symbol id="sm-3e4">
         <name>__stack</name>
         <value>0x20000270</value>
         <object_component_ref idref="oc-24"/>
      </symbol>
      <symbol id="sm-3e5">
         <name>_c_int00_noargs</name>
         <value>0x167d</value>
         <object_component_ref idref="oc-59"/>
      </symbol>
      <symbol id="sm-3ef">
         <name>__aeabi_idiv0</name>
         <value>0xd3b</value>
         <object_component_ref idref="oc-289"/>
      </symbol>
      <symbol id="sm-3f0">
         <name>__aeabi_ldiv0</name>
         <value>0xd3b</value>
         <object_component_ref idref="oc-289"/>
      </symbol>
      <symbol id="sm-40b">
         <name>memcpy</name>
         <value>0x114d</value>
         <object_component_ref idref="oc-3b"/>
      </symbol>
      <symbol id="sm-40c">
         <name>__aeabi_memcpy</name>
         <value>0x114d</value>
         <object_component_ref idref="oc-3b"/>
      </symbol>
      <symbol id="sm-40d">
         <name>__aeabi_memcpy8</name>
         <value>0x114d</value>
         <object_component_ref idref="oc-3b"/>
      </symbol>
      <symbol id="sm-40e">
         <name>__aeabi_memcpy4</name>
         <value>0x114d</value>
         <object_component_ref idref="oc-3b"/>
      </symbol>
      <symbol id="sm-437">
         <name>__TI_auto_init_nobinit_nopinit</name>
         <value>0x1521</value>
         <object_component_ref idref="oc-123"/>
      </symbol>
      <symbol id="sm-441">
         <name>_system_pre_init</name>
         <value>0x189f</value>
         <object_component_ref idref="oc-95"/>
      </symbol>
      <symbol id="sm-44d">
         <name>C$$EXIT</name>
         <value>0x18a3</value>
         <object_component_ref idref="oc-117"/>
      </symbol>
      <symbol id="sm-44e">
         <name>abort</name>
         <value>0x18a3</value>
         <object_component_ref idref="oc-117"/>
      </symbol>
      <symbol id="sm-451">
         <name>__TI_static_base__</name>
         <value>0x0</value>
      </symbol>
      <symbol id="sm-454">
         <name>__mpu_init</name>
         <value>0x0</value>
      </symbol>
      <symbol id="sm-455">
         <name>_system_post_cinit</name>
         <value>0x0</value>
      </symbol>
   </symbol_table>
   <title>Link successful</title>
</link_info>
