******************************************************************************
                  TI ARM Linker PC v20.2.7                     
******************************************************************************
>> Linked Tue Mar 26 23:30:30 2024

OUTPUT FILE NAME:   <Security_System.out>
ENTRY POINT SYMBOL: "_c_int00_noargs"  address: 00001715


MEMORY CONFIGURATION

         name            origin    length      used     unused   attr    fill
----------------------  --------  ---------  --------  --------  ----  --------
  FLASH                 00000000   00040000  00001cd8  0003e328  R  X
  SRAM                  20000000   00008000  00000491  00007b6f  RW X


SEGMENT ALLOCATION MAP

run origin  load origin   length   init length attrs members
----------  ----------- ---------- ----------- ----- -------
00000000    00000000    00001cd8   00001cd8    r-x
  00000000    00000000    0000026c   0000026c    r-- .intvecs
  0000026c    0000026c    00001764   00001764    r-x .text
  000019d0    000019d0    000002d8   000002d8    r-- .const
  00001ca8    00001ca8    00000030   00000030    r-- .cinit
20000000    20000000    00000495   00000000    rw-
  20000000    20000000    0000026c   00000000    rw- .vtable
  20000270    20000270    00000200   00000000    rw- .stack
  20000470    20000470    00000025   00000000    rw- .data


SECTION ALLOCATION MAP

 output                                  attributes/
section   page    origin      length       input sections
--------  ----  ----------  ----------   ----------------
.intvecs   0    00000000    0000026c     
                  00000000    0000026c     tm4c123gh6pm_startup_ccs.obj (.intvecs)

.text      0    0000026c    00001764     
                  0000026c    000004a8     uartstdio.obj (.text)
                  00000714    000002ec     my_gpio.obj (.text)
                  00000a00    00000238     Initialization.obj (.text)
                  00000c38    0000016c     driverlib.lib : gpio.obj (.text:GPIOPadConfigSet)
                  00000da4    00000136     rtsv7M4_T_le_v4SPD16_eabi.lib : fd_div_t2.asm.obj (.text)
                  00000eda    00000002                                   : div0.asm.obj (.text)
                  00000edc    00000118     driverlib.lib : sysctl.obj (.text:SysCtlClockGet)
                  00000ff4    000000fc     rtsv7M4_T_le_v4SPD16_eabi.lib : fd_mul_t2.asm.obj (.text)
                  000010f0    000000f4     driverlib.lib : sysctl.obj (.text:SysCtlClockSet)
                  000011e4    0000009c     rtsv7M4_T_le_v4SPD16_eabi.lib : memcpy_t2.asm.obj (.text)
                  00001280    0000007a     driverlib.lib : adc.obj (.text:ADCSequenceStepConfigure)
                  000012fa    0000006e     rtsv7M4_T_le_v4SPD16_eabi.lib : fd_tos_t2.asm.obj (.text)
                  00001368    00000068     driverlib.lib : interrupt.obj (.text:IntEnable)
                  000013d0    00000068     rtsv7M4_T_le_v4SPD16_eabi.lib : copy_decompress_lzss.c.obj (.text:decompress:lzss:__TI_decompress_lzss)
                  00001438    00000058     driverlib.lib : gpio.obj (.text:GPIOIntTypeSet)
                  00001490    0000004e                   : adc.obj (.text:ADCSequenceConfigure)
                  000014de    00000002     --HOLE-- [fill = 0]
                  000014e0    0000004c                   : gpio.obj (.text:GPIOPinConfigure)
                  0000152c    00000046                   : uart.obj (.text:UARTConfigSetExpClk)
                  00001572    00000002     --HOLE-- [fill = 0]
                  00001574    00000044                   : gpio.obj (.text:_GPIOIntNumberGet)
                  000015b8    00000044     rtsv7M4_T_le_v4SPD16_eabi.lib : autoinit.c.obj (.text:__TI_auto_init_nobinit_nopinit:__TI_auto_init_nobinit_nopinit)
                  000015fc    00000040                                   : u_divt2.asm.obj (.text)
                  0000163c    00000038     driverlib.lib : sysctl.obj (.text:SysCtlPeripheralPresent)
                  00001674    00000038                   : sysctl.obj (.text:SysCtlPeripheralReady)
                  000016ac    00000034                   : interrupt.obj (.text:IntRegister)
                  000016e0    00000034                   : sysctl.obj (.text:SysCtlPeripheralEnable)
                  00001714    00000034     rtsv7M4_T_le_v4SPD16_eabi.lib : boot_cortex_m.c.obj (.text:_c_int00_noargs:_c_int00_noargs)
                  00001748    0000002e     driverlib.lib : adc.obj (.text:ADCIntStatus)
                  00001776    0000002c                   : gpio.obj (.text:GPIODirModeSet)
                  000017a2    00000002     --HOLE-- [fill = 0]
                  000017a4    00000028     main.obj (.text)
                  000017cc    00000020     driverlib.lib : uart.obj (.text:UARTDisable)
                  000017ec    00000020     rtsv7M4_T_le_v4SPD16_eabi.lib : u_tofd_t2.asm.obj (.text)
                  0000180c    0000001e     driverlib.lib : adc.obj (.text:ADCSequenceDataGet)
                  0000182a    00000002     --HOLE-- [fill = 0]
                  0000182c    0000001c                   : systick.obj (.text:SysTickIntRegister)
                  00001848    0000001c     rtsv7M4_T_le_v4SPD16_eabi.lib : copy_zero_init.c.obj (.text:decompress:ZI:__TI_zero_init_nomemset:__TI_zero_init_nomemset)
                  00001864    0000001a     driverlib.lib : gpio.obj (.text:GPIOPinTypeGPIOOutput)
                  0000187e    00000018                   : adc.obj (.text:ADCProcessorTrigger)
                  00001896    00000018                   : gpio.obj (.text:GPIOIntRegister)
                  000018ae    00000016                   : gpio.obj (.text:GPIOPinTypeADC)
                  000018c4    00000016                   : gpio.obj (.text:GPIOPinTypeGPIOInput)
                  000018da    00000016                   : gpio.obj (.text:GPIOPinTypeUART)
                  000018f0    00000014                   : systick.obj (.text:SysTickEnable)
                  00001904    00000014                   : systick.obj (.text:SysTickIntDisable)
                  00001918    00000014                   : systick.obj (.text:SysTickIntEnable)
                  0000192c    00000014                   : uart.obj (.text:UARTEnable)
                  00001940    00000010                   : systick.obj (.text:SysTickPeriodSet)
                  00001950    0000000e                   : adc.obj (.text:ADCSequenceEnable)
                  0000195e    0000000e                   : gpio.obj (.text:GPIOIntStatus)
                  0000196c    0000000e     rtsv7M4_T_le_v4SPD16_eabi.lib : copy_decompress_none.c.obj (.text:decompress:none:__TI_decompress_none)
                  0000197a    0000000c     driverlib.lib : gpio.obj (.text:GPIOIntEnable)
                  00001986    0000000c     tm4c123gh6pm_startup_ccs.obj (.text)
                  00001992    0000000a     driverlib.lib : adc.obj (.text:ADCIntClear)
                  0000199c    0000000a                   : uart.obj (.text:UARTCharGet)
                  000019a6    0000000a                   : uart.obj (.text:UARTCharPut)
                  000019b0    00000006                   : gpio.obj (.text:GPIOIntClear)
                  000019b6    00000006                   : gpio.obj (.text:GPIOPinWrite)
                  000019bc    00000006                   : sysctl.obj (.text:SysCtlDelay)
                  000019c2    00000006                   : uart.obj (.text:UARTClockSourceSet)
                  000019c8    00000004     rtsv7M4_T_le_v4SPD16_eabi.lib : pre_init.c.obj (.text:_system_pre_init)
                  000019cc    00000004                                   : exit.c.obj (.text:abort:abort)

.const     0    000019d0    000002d8     
                  000019d0    000000d8     driverlib.lib : gpio.obj (.const:g_ppui32GPIOIntMapSnowflake)
                  00001aa8    000000c0                   : gpio.obj (.const:g_ppui32GPIOIntMapBlizzard)
                  00001b68    00000090                   : gpio.obj (.const:g_pui32GPIOBaseAddrs)
                  00001bf8    0000006c                   : sysctl.obj (.const:g_pui32Xtals)
                  00001c64    00000014                   : interrupt.obj (.const:g_pui32EnRegs)
                  00001c78    00000012     uartstdio.obj (.const:.string)
                  00001c8a    00000002     --HOLE-- [fill = 0]
                  00001c8c    0000000c     uartstdio.obj (.const:g_ui32UARTBase)
                  00001c98    0000000c     uartstdio.obj (.const:g_ui32UARTPeriph)
                  00001ca4    00000004     uartstdio.obj (.const)

.cinit     0    00001ca8    00000030     
                  00001ca8    0000000c     (.cinit..data.load) [load image, compression = lzss]
                  00001cb4    0000000c     (__TI_handler_table)
                  00001cc0    00000008     (.cinit..vtable.load) [load image, compression = zero_init]
                  00001cc8    00000010     (__TI_cinit_table)

.init_array 
*          0    00000000    00000000     UNINITIALIZED

.vtable    0    20000000    0000026c     UNINITIALIZED
                  20000000    0000026c     driverlib.lib : interrupt.obj (.vtable)

.data      0    20000470    00000025     UNINITIALIZED
                  20000470    00000014     my_gpio.obj (.data)
                  20000484    0000000c     Initialization.obj (.data)
                  20000490    00000005     uartstdio.obj (.data)

.stack     0    20000270    00000200     UNINITIALIZED
                  20000270    00000004     rtsv7M4_T_le_v4SPD16_eabi.lib : boot_cortex_m.c.obj (.stack)
                  20000274    000001fc     --HOLE--

__llvm_prf_cnts 
*          0    20000000    00000000     UNINITIALIZED

MODULE SUMMARY

       Module                         code   ro data   rw data
       ------                         ----   -------   -------
    .\
       uartstdio.obj                  1192   46        5      
       my_gpio.obj                    748    0         20     
       tm4c123gh6pm_startup_ccs.obj   12     620       0      
       Initialization.obj             568    0         12     
       main.obj                       40     0         0      
    +--+------------------------------+------+---------+---------+
       Total:                         2560   666       37     
                                                              
    C:/ti/TivaWare_C_Series-2.2.0.295/driverlib/ccs/Debug/driverlib.lib
       gpio.obj                       794    552       0      
       sysctl.obj                     694    108       0      
       interrupt.obj                  156    20        620    
       adc.obj                        324    0         0      
       uart.obj                       148    0         0      
       systick.obj                    104    0         0      
    +--+------------------------------+------+---------+---------+
       Total:                         2220   680       620    
                                                              
    C:\ti\ccs1260\ccs\tools\compiler\ti-cgt-arm_20.2.7.LTS\lib\rtsv7M4_T_le_v4SPD16_eabi.lib
       fd_div_t2.asm.obj              310    0         0      
       fd_mul_t2.asm.obj              252    0         0      
       memcpy_t2.asm.obj              156    0         0      
       fd_tos_t2.asm.obj              110    0         0      
       copy_decompress_lzss.c.obj     104    0         0      
       autoinit.c.obj                 68     0         0      
       u_divt2.asm.obj                64     0         0      
       boot_cortex_m.c.obj            52     0         0      
       u_tofd_t2.asm.obj              32     0         0      
       copy_zero_init.c.obj           28     0         0      
       copy_decompress_none.c.obj     14     0         0      
       exit.c.obj                     4      0         0      
       pre_init.c.obj                 4      0         0      
       div0.asm.obj                   2      0         0      
    +--+------------------------------+------+---------+---------+
       Total:                         1200   0         0      
                                                              
       Stack:                         0      0         512    
       Linker Generated:              0      48        0      
    +--+------------------------------+------+---------+---------+
       Grand Total:                   5980   1394      1169   


LINKER GENERATED COPY TABLES

__TI_cinit_table @ 00001cc8 records: 2, size/record: 8, table size: 16
	.data: load addr=00001ca8, load size=0000000c bytes, run addr=20000470, run size=00000025 bytes, compression=lzss
	.vtable: load addr=00001cc0, load size=00000008 bytes, run addr=20000000, run size=0000026c bytes, compression=zero_init


LINKER GENERATED HANDLER TABLE

__TI_handler_table @ 00001cb4 records: 3, size/record: 4, table size: 12
	index: 0, handler: __TI_zero_init
	index: 1, handler: __TI_decompress_lzss
	index: 2, handler: __TI_decompress_none


GLOBAL SYMBOLS: SORTED ALPHABETICALLY BY Name 

address   name                          
-------   ----                          
00000afd  ADCInit                       
20000484  ADCInitComplete               
00001993  ADCIntClear                   
00001749  ADCIntStatus                  
0000187f  ADCProcessorTrigger           
00001491  ADCSequenceConfigure          
0000180d  ADCSequenceDataGet            
00001951  ADCSequenceEnable             
00001281  ADCSequenceStepConfigure      
000019cd  C$$EXIT                       
20000488  ConsoleInitComplete           
00001777  GPIODirModeSet                
2000048c  GPIOInitComplete              
000019b1  GPIOIntClear                  
0000197b  GPIOIntEnable                 
00001897  GPIOIntRegister               
0000195f  GPIOIntStatus                 
00001439  GPIOIntTypeSet                
00000c39  GPIOPadConfigSet              
000014e1  GPIOPinConfigure              
000018af  GPIOPinTypeADC                
000018c5  GPIOPinTypeGPIOInput          
00001865  GPIOPinTypeGPIOOutput         
000018db  GPIOPinTypeUART               
000019b7  GPIOPinWrite                  
00000819  GetADC                        
00000aab  InitConsole                   
00000a01  InitGPIO                      
00000b5b  InitializationCheck           
00001369  IntEnable                     
00000757  IntPortBHandler               
00000715  IntPortFHandler               
000016ad  IntRegister                   
000007fb  PrintTime                     
00001987  ResetISR                      
00000edd  SysCtlClockGet                
000010f1  SysCtlClockSet                
000019bd  SysCtlDelay                   
000016e1  SysCtlPeripheralEnable        
0000163d  SysCtlPeripheralPresent       
00001675  SysCtlPeripheralReady         
000018f1  SysTickEnable                 
00000b7f  SysTickInitialization         
00001905  SysTickIntDisable             
00001919  SysTickIntEnable              
0000182d  SysTickIntRegister            
00001941  SysTickPeriodSet              
00000791  SysTick_Handler               
0000199d  UARTCharGet                   
000019a7  UARTCharPut                   
000019c3  UARTClockSourceSet            
0000152d  UARTConfigSetExpClk           
000017cd  UARTDisable                   
0000192d  UARTEnable                    
0000026d  UARTStdioConfig               
000003bd  UARTgetc                      
00000303  UARTgets                      
000006df  UARTprintf                    
000003e5  UARTvprintf                   
000002b3  UARTwrite                     
000007dd  Wait                          
20000470  __STACK_END                   
00000200  __STACK_SIZE                  
20000470  __STACK_TOP                   
00001cc8  __TI_CINIT_Base               
00001cd8  __TI_CINIT_Limit              
00001cb4  __TI_Handler_Table_Base       
00001cc0  __TI_Handler_Table_Limit      
000015b9  __TI_auto_init_nobinit_nopinit
000013d1  __TI_decompress_lzss          
0000196d  __TI_decompress_none          
ffffffff  __TI_pprof_out_hndl           
ffffffff  __TI_prof_data_size           
ffffffff  __TI_prof_data_start          
00000000  __TI_static_base__            
00001849  __TI_zero_init_nomemset       
000012fb  __aeabi_d2f                   
00000da5  __aeabi_ddiv                  
00000ff5  __aeabi_dmul                  
00000edb  __aeabi_idiv0                 
00000edb  __aeabi_ldiv0                 
000011e5  __aeabi_memcpy                
000011e5  __aeabi_memcpy4               
000011e5  __aeabi_memcpy8               
000017ed  __aeabi_ui2d                  
000015fd  __aeabi_uidiv                 
000015fd  __aeabi_uidivmod              
ffffffff  __binit__                     
ffffffff  __c_args__                    
UNDEFED   __mpu_init                    
20000270  __stack                       
20000000  __start___llvm_prf_cnts       
20000000  __stop___llvm_prf_cnts        
00001715  _c_int00_noargs               
UNDEFED   _system_post_cinit            
000019c9  _system_pre_init              
000019cd  abort                         
20000480  alert                         
ffffffff  binit                         
20000000  g_pfnRAMVectors               
00000000  g_pfnVectors                  
000017a5  main                          
000011e5  memcpy                        
20000474  millisecond                   
2000047c  minute                        
20000478  second                        
20000470  timer_count                   


GLOBAL SYMBOLS: SORTED BY Symbol Address 

address   name                          
-------   ----                          
00000000  __TI_static_base__            
00000000  g_pfnVectors                  
00000200  __STACK_SIZE                  
0000026d  UARTStdioConfig               
000002b3  UARTwrite                     
00000303  UARTgets                      
000003bd  UARTgetc                      
000003e5  UARTvprintf                   
000006df  UARTprintf                    
00000715  IntPortFHandler               
00000757  IntPortBHandler               
00000791  SysTick_Handler               
000007dd  Wait                          
000007fb  PrintTime                     
00000819  GetADC                        
00000a01  InitGPIO                      
00000aab  InitConsole                   
00000afd  ADCInit                       
00000b5b  InitializationCheck           
00000b7f  SysTickInitialization         
00000c39  GPIOPadConfigSet              
00000da5  __aeabi_ddiv                  
00000edb  __aeabi_idiv0                 
00000edb  __aeabi_ldiv0                 
00000edd  SysCtlClockGet                
00000ff5  __aeabi_dmul                  
000010f1  SysCtlClockSet                
000011e5  __aeabi_memcpy                
000011e5  __aeabi_memcpy4               
000011e5  __aeabi_memcpy8               
000011e5  memcpy                        
00001281  ADCSequenceStepConfigure      
000012fb  __aeabi_d2f                   
00001369  IntEnable                     
000013d1  __TI_decompress_lzss          
00001439  GPIOIntTypeSet                
00001491  ADCSequenceConfigure          
000014e1  GPIOPinConfigure              
0000152d  UARTConfigSetExpClk           
000015b9  __TI_auto_init_nobinit_nopinit
000015fd  __aeabi_uidiv                 
000015fd  __aeabi_uidivmod              
0000163d  SysCtlPeripheralPresent       
00001675  SysCtlPeripheralReady         
000016ad  IntRegister                   
000016e1  SysCtlPeripheralEnable        
00001715  _c_int00_noargs               
00001749  ADCIntStatus                  
00001777  GPIODirModeSet                
000017a5  main                          
000017cd  UARTDisable                   
000017ed  __aeabi_ui2d                  
0000180d  ADCSequenceDataGet            
0000182d  SysTickIntRegister            
00001849  __TI_zero_init_nomemset       
00001865  GPIOPinTypeGPIOOutput         
0000187f  ADCProcessorTrigger           
00001897  GPIOIntRegister               
000018af  GPIOPinTypeADC                
000018c5  GPIOPinTypeGPIOInput          
000018db  GPIOPinTypeUART               
000018f1  SysTickEnable                 
00001905  SysTickIntDisable             
00001919  SysTickIntEnable              
0000192d  UARTEnable                    
00001941  SysTickPeriodSet              
00001951  ADCSequenceEnable             
0000195f  GPIOIntStatus                 
0000196d  __TI_decompress_none          
0000197b  GPIOIntEnable                 
00001987  ResetISR                      
00001993  ADCIntClear                   
0000199d  UARTCharGet                   
000019a7  UARTCharPut                   
000019b1  GPIOIntClear                  
000019b7  GPIOPinWrite                  
000019bd  SysCtlDelay                   
000019c3  UARTClockSourceSet            
000019c9  _system_pre_init              
000019cd  C$$EXIT                       
000019cd  abort                         
00001cb4  __TI_Handler_Table_Base       
00001cc0  __TI_Handler_Table_Limit      
00001cc8  __TI_CINIT_Base               
00001cd8  __TI_CINIT_Limit              
20000000  __start___llvm_prf_cnts       
20000000  __stop___llvm_prf_cnts        
20000000  g_pfnRAMVectors               
20000270  __stack                       
20000470  __STACK_END                   
20000470  __STACK_TOP                   
20000470  timer_count                   
20000474  millisecond                   
20000478  second                        
2000047c  minute                        
20000480  alert                         
20000484  ADCInitComplete               
20000488  ConsoleInitComplete           
2000048c  GPIOInitComplete              
ffffffff  __TI_pprof_out_hndl           
ffffffff  __TI_prof_data_size           
ffffffff  __TI_prof_data_start          
ffffffff  __binit__                     
ffffffff  __c_args__                    
ffffffff  binit                         
UNDEFED   __mpu_init                    
UNDEFED   _system_post_cinit            

[107 symbols]
